Component: Arm Compiler for Embedded 6.19 Tool: armlink [5e73cb00]

==============================================================================

Section Cross References

    startup_stm32g431xx.o(STACK) refers (Special) to heapauxi.o(.text) for __use_two_region_memory
    startup_stm32g431xx.o(HEAP) refers (Special) to heapauxi.o(.text) for __use_two_region_memory
    startup_stm32g431xx.o(RESET) refers (Special) to heapauxi.o(.text) for __use_two_region_memory
    startup_stm32g431xx.o(RESET) refers to startup_stm32g431xx.o(STACK) for __initial_sp
    startup_stm32g431xx.o(RESET) refers to startup_stm32g431xx.o(.text) for Reset_Handler
    startup_stm32g431xx.o(RESET) refers to stm32g4xx_it.o(.text.NMI_Handler) for NMI_Handler
    startup_stm32g431xx.o(RESET) refers to stm32g4xx_it.o(.text.HardFault_Handler) for HardFault_Handler
    startup_stm32g431xx.o(RESET) refers to stm32g4xx_it.o(.text.MemManage_Handler) for MemManage_Handler
    startup_stm32g431xx.o(RESET) refers to stm32g4xx_it.o(.text.BusFault_Handler) for BusFault_Handler
    startup_stm32g431xx.o(RESET) refers to stm32g4xx_it.o(.text.UsageFault_Handler) for UsageFault_Handler
    startup_stm32g431xx.o(RESET) refers to stm32g4xx_it.o(.text.SVC_Handler) for SVC_Handler
    startup_stm32g431xx.o(RESET) refers to stm32g4xx_it.o(.text.DebugMon_Handler) for DebugMon_Handler
    startup_stm32g431xx.o(RESET) refers to stm32g4xx_it.o(.text.PendSV_Handler) for PendSV_Handler
    startup_stm32g431xx.o(RESET) refers to stm32g4xx_it.o(.text.SysTick_Handler) for SysTick_Handler
    startup_stm32g431xx.o(RESET) refers to stm32g4xx_it.o(.text.DMA1_Channel1_IRQHandler) for DMA1_Channel1_IRQHandler
    startup_stm32g431xx.o(RESET) refers to stm32g4xx_it.o(.text.ADC1_2_IRQHandler) for ADC1_2_IRQHandler
    startup_stm32g431xx.o(RESET) refers to stm32g4xx_it.o(.text.TIM2_IRQHandler) for TIM2_IRQHandler
    startup_stm32g431xx.o(RESET) refers to stm32g4xx_it.o(.text.USART1_IRQHandler) for USART1_IRQHandler
    startup_stm32g431xx.o(.text) refers (Special) to heapauxi.o(.text) for __use_two_region_memory
    startup_stm32g431xx.o(.text) refers to system_stm32g4xx.o(.text.SystemInit) for SystemInit
    startup_stm32g431xx.o(.text) refers to __main.o(!!!main) for __main
    startup_stm32g431xx.o(.text) refers to startup_stm32g431xx.o(HEAP) for Heap_Mem
    startup_stm32g431xx.o(.text) refers to startup_stm32g431xx.o(STACK) for Stack_Mem
    main.o(.text.main) refers to stm32g4xx_hal.o(.text.HAL_Init) for HAL_Init
    main.o(.text.main) refers to stm32g4xx_hal_pwr_ex.o(.text.HAL_PWREx_ControlVoltageScaling) for HAL_PWREx_ControlVoltageScaling
    main.o(.text.main) refers to stm32g4xx_hal_rcc.o(.text.HAL_RCC_OscConfig) for HAL_RCC_OscConfig
    main.o(.text.main) refers to stm32g4xx_hal_rcc.o(.text.HAL_RCC_ClockConfig) for HAL_RCC_ClockConfig
    main.o(.text.main) refers to gpio.o(.text.MX_GPIO_Init) for MX_GPIO_Init
    main.o(.text.main) refers to dma.o(.text.MX_DMA_Init) for MX_DMA_Init
    main.o(.text.main) refers to adc.o(.text.MX_ADC1_Init) for MX_ADC1_Init
    main.o(.text.main) refers to tim.o(.text.MX_TIM2_Init) for MX_TIM2_Init
    main.o(.text.main) refers to usart.o(.text.MX_USART1_UART_Init) for MX_USART1_UART_Init
    main.o(.text.main) refers to global.o(.text.Main_Task_Init) for Main_Task_Init
    main.o(.text.main) refers to global.o(.text.Main_Task) for Main_Task
    main.o(.ARM.exidx.text.main) refers to main.o(.text.main) for [Anonymous Symbol]
    main.o(.text.SystemClock_Config) refers to stm32g4xx_hal_pwr_ex.o(.text.HAL_PWREx_ControlVoltageScaling) for HAL_PWREx_ControlVoltageScaling
    main.o(.text.SystemClock_Config) refers to stm32g4xx_hal_rcc.o(.text.HAL_RCC_OscConfig) for HAL_RCC_OscConfig
    main.o(.text.SystemClock_Config) refers to stm32g4xx_hal_rcc.o(.text.HAL_RCC_ClockConfig) for HAL_RCC_ClockConfig
    main.o(.ARM.exidx.text.SystemClock_Config) refers to main.o(.text.SystemClock_Config) for [Anonymous Symbol]
    main.o(.ARM.exidx.text.Error_Handler) refers to main.o(.text.Error_Handler) for [Anonymous Symbol]
    gpio.o(.text.MX_GPIO_Init) refers to stm32g4xx_hal_gpio.o(.text.HAL_GPIO_WritePin) for HAL_GPIO_WritePin
    gpio.o(.text.MX_GPIO_Init) refers to stm32g4xx_hal_gpio.o(.text.HAL_GPIO_Init) for HAL_GPIO_Init
    gpio.o(.ARM.exidx.text.MX_GPIO_Init) refers to gpio.o(.text.MX_GPIO_Init) for [Anonymous Symbol]
    adc.o(.text.MX_ADC1_Init) refers to adc.o(.bss.hadc1) for hadc1
    adc.o(.text.MX_ADC1_Init) refers to stm32g4xx_hal_adc.o(.text.HAL_ADC_Init) for HAL_ADC_Init
    adc.o(.text.MX_ADC1_Init) refers to main.o(.text.Error_Handler) for Error_Handler
    adc.o(.text.MX_ADC1_Init) refers to stm32g4xx_hal_adc_ex.o(.text.HAL_ADCEx_MultiModeConfigChannel) for HAL_ADCEx_MultiModeConfigChannel
    adc.o(.text.MX_ADC1_Init) refers to stm32g4xx_hal_adc.o(.text.HAL_ADC_ConfigChannel) for HAL_ADC_ConfigChannel
    adc.o(.ARM.exidx.text.MX_ADC1_Init) refers to adc.o(.text.MX_ADC1_Init) for [Anonymous Symbol]
[...]
    [Anonymous Symbol]                       0x08006254   Section        0  lcd.o(.text.REG_8230_Init)
    [Anonymous Symbol]                       0x08006d3c   Section        0  lcd.o(.text.REG_932X_Init)
    [Anonymous Symbol]                       0x0800825c   Section        0  stm32g4xx_it.o(.text.SVC_Handler)
    [Anonymous Symbol]                       0x08008260   Section        0  global.o(.text.Show_Task)
    [Anonymous Symbol]                       0x08008574   Section        0  stm32g4xx_it.o(.text.SysTick_Handler)
    [Anonymous Symbol]                       0x08008578   Section        0  system_stm32g4xx.o(.text.SystemInit)
    [Anonymous Symbol]                       0x0800858c   Section        0  stm32g4xx_it.o(.text.TIM2_IRQHandler)
    [Anonymous Symbol]                       0x08008598   Section        0  stm32g4xx_hal_tim.o(.text.TIM_Base_SetConfig)
    [Anonymous Symbol]                       0x080086b4   Section        0  stm32g4xx_hal_uart.o(.text.UART_AdvFeatureConfig)
    [Anonymous Symbol]                       0x0800879c   Section        0  stm32g4xx_hal_uart.o(.text.UART_CheckIdleState)
    UART_DMAAbortOnError                     0x0800890d   Thumb Code    12  stm32g4xx_hal_uart.o(.text.UART_DMAAbortOnError)
    [Anonymous Symbol]                       0x0800890c   Section        0  stm32g4xx_hal_uart.o(.text.UART_DMAAbortOnError)
    [Anonymous Symbol]                       0x08008918   Section        0  stm32g4xx_hal_uart.o(.text.UART_SetConfig)
    [Anonymous Symbol]                       0x08008bbc   Section        0  stm32g4xx_hal_uart.o(.text.UART_WaitOnFlagUntilTimeout)
    [Anonymous Symbol]                       0x08008ef4   Section        0  stm32g4xx_it.o(.text.USART1_IRQHandler)
    [Anonymous Symbol]                       0x08008f00   Section        0  stm32g4xx_it.o(.text.UsageFault_Handler)
    [Anonymous Symbol]                       0x08008f04   Section        0  arm_bitreversal2.o(.text.arm_bitreversal_32)
    [Anonymous Symbol]                       0x08008f48   Section        0  arm_cfft_f32.o(.text.arm_cfft_f32)
    [Anonymous Symbol]                       0x08009028   Section        0  arm_cfft_f32.o(.text.arm_cfft_radix8by2_f32)
    [Anonymous Symbol]                       0x080091c0   Section        0  arm_cfft_f32.o(.text.arm_cfft_radix8by4_f32)
    [Anonymous Symbol]                       0x080095bc   Section        0  arm_cmplx_mag_f32.o(.text.arm_cmplx_mag_f32)
    [Anonymous Symbol]                       0x08009710   Section        0  arm_cfft_radix8_f32.o(.text.arm_radix8_butterfly_f32)
    __arm_cp.0_1                             0x08009730   Number         4  arm_cfft_radix8_f32.o(.text.arm_radix8_butterfly_f32)
    [Anonymous Symbol]                       0x08009cc4   Section        0  main.o(.text.main)
    CL$$btod_d2e                             0x08009d4e   Section       62  btod.o(CL$$btod_d2e)
    CL$$btod_d2e_denorm_low                  0x08009d8c   Section       70  btod.o(CL$$btod_d2e_denorm_low)
    CL$$btod_d2e_norm_op1                    0x08009dd2   Section       96  btod.o(CL$$btod_d2e_norm_op1)
    CL$$btod_div_common                      0x08009e34   Section      824  btod.o(CL$$btod_div_common)
    CL$$btod_e2e                             0x0800a16c   Section      220  btod.o(CL$$btod_e2e)
    CL$$btod_ediv                            0x0800a248   Section       42  btod.o(CL$$btod_ediv)
    CL$$btod_emul                            0x0800a272   Section       42  btod.o(CL$$btod_emul)
    CL$$btod_mult_common                     0x0800a29c   Section      580  btod.o(CL$$btod_mult_common)
    i.__ARM_fpclassify                       0x0800a4e0   Section        0  fpclassify.o(i.__ARM_fpclassify)
    i.__hardfp_cosf                          0x0800a510   Section        0  cosf.o(i.__hardfp_cosf)
    i.__hardfp_sqrtf                         0x0800a660   Section        0  sqrtf.o(i.__hardfp_sqrtf)
    i.__mathlib_flt_infnan                   0x0800a69a   Section        0  funder.o(i.__mathlib_flt_infnan)
    i.__mathlib_flt_invalid                  0x0800a6a0   Section        0  funder.o(i.__mathlib_flt_invalid)
    i.__mathlib_rredf2                       0x0800a6b0   Section        0  rredf.o(i.__mathlib_rredf2)
    i._is_digit                              0x0800a804   Section        0  __printf_wp.o(i._is_digit)
    locale$$code                             0x0800a814   Section       44  lc_numeric_c.o(locale$$code)
    $v0                                      0x0800a840   Number         0  dretinf.o(x$fpl$dretinf)
    x$fpl$dretinf                            0x0800a840   Section       12  dretinf.o(x$fpl$dretinf)
    $v0                                      0x0800a84c   Number         0  f2d.o(x$fpl$f2d)
    x$fpl$f2d                                0x0800a84c   Section       86  f2d.o(x$fpl$f2d)
    $v0                                      0x0800a8a2   Number         0  fnaninf.o(x$fpl$fnaninf)
    x$fpl$fnaninf                            0x0800a8a2   Section      140  fnaninf.o(x$fpl$fnaninf)
    $v0                                      0x0800a92e   Number         0  fpinit.o(x$fpl$fpinit)
    x$fpl$fpinit                             0x0800a92e   Section       26  fpinit.o(x$fpl$fpinit)
    $v0                                      0x0800a948   Number         0  printf1.o(x$fpl$printf1)
    x$fpl$printf1                            0x0800a948   Section        4  printf1.o(x$fpl$printf1)
    twooverpi                                0x0800a94c   Data          32  rredf.o(.constdata)
    .constdata                               0x0800a94c   Section       32  rredf.o(.constdata)
    x$fpl$usenofp                            0x0800a94c   Section        0  usenofp.o(x$fpl$usenofp)
    tenpwrs_x                                0x0800a96c   Data          60  bigflt0.o(.constdata)
    .constdata                               0x0800a96c   Section      148  bigflt0.o(.constdata)
    tenpwrs_i                                0x0800a9a8   Data          64  bigflt0.o(.constdata)
    .Lswitch.table.UART_SetConfig.4          0x0800ca20   Data          16  stm32g4xx_hal_uart.o(.rodata.cst16)
    UARTEx_SetNbDataToProcess.numerator      0x0800ca30   Data           8  stm32g4xx_hal_uart_ex.o(.rodata.cst8)
    [Anonymous Symbol]                       0x0800ca30   Section        0  stm32g4xx_hal_uart_ex.o(.rodata.cst8)
    UARTEx_SetNbDataToProcess.denominator    0x0800ca38   Data           8  stm32g4xx_hal_uart_ex.o(.rodata.cst8)
    .L.str.10                                0x0800ca40   Data          13  global.o(.rodata.str1.1)
    [Anonymous Symbol]                       0x0800ca40   Section        0  global.o(.rodata.str1.1)
    locale$$data                             0x0800ea70   Section       28  lc_numeric_c.o(locale$$data)
    __lcnum_c_name                           0x0800ea74   Data           2  lc_numeric_c.o(locale$$data)
    __lcnum_c_start                          0x0800ea7c   Data           0  lc_numeric_c.o(locale$$data)
    __lcnum_c_point                          0x0800ea88   Data           0  lc_numeric_c.o(locale$$data)
    __lcnum_c_thousands                      0x0800ea8a   Data           0  lc_numeric_c.o(locale$$data)
    __lcnum_c_grouping                       0x0800ea8b   Data           0  lc_numeric_c.o(locale$$data)
    __lcnum_c_end                            0x0800ea8c   Data           0  lc_numeric_c.o(locale$$data)
    .L_MergedGlobals                         0x20000000   Data           8  stm32g4xx_hal.o(.data..L_MergedGlobals)
    [Anonymous Symbol]                       0x20000000   Section        0  stm32g4xx_hal.o(.data..L_MergedGlobals)
    BackColor                                0x20000008   Data           2  lcd.o(.data.BackColor)
    [Anonymous Symbol]                       0x20000008   Section        0  lcd.o(.data.BackColor)
    .bss                                     0x20000010   Section       96  libspace.o(.bss)
    .L_MergedGlobals                         0x20000070   Data          90  global.o(.bss..L_MergedGlobals)
    [Anonymous Symbol]                       0x20000070   Section        0  global.o(.bss..L_MergedGlobals)
    Show_Task.temp                           0x20000098   Data          50  global.o(.bss..L_MergedGlobals)
    TextColor                                0x200000ca   Data           2  lcd.o(.bss.TextColor)
    [Anonymous Symbol]                       0x200000ca   Section        0  lcd.o(.bss.TextColor)
    Heap_Mem                                 0x200032b8   Data         512  startup_stm32g431xx.o(HEAP)
    HEAP                                     0x200032b8   Section      512  startup_stm32g431xx.o(HEAP)
    Stack_Mem                                0x200034b8   Data        1024  startup_stm32g431xx.o(STACK)
    STACK                                    0x200034b8   Section     1024  startup_stm32g431xx.o(STACK)
    __initial_sp                             0x200038b8   Data           0  startup_stm32g431xx.o(STACK)

    Global Symbols

    Symbol Name                              Value     Ov Type        Size  Object(Section)

    BuildAttributes$$THM_ISAv4$E$P$D$K$B$S$7EM$VFPi3$EXTD16$VFPS$VFMA$PE$A:L22UL41UL21$X:L11$S22US41US21$IEEE1$IW$~IW$USESV6$~STKCKD$USESV7$~SHL$OTIME$ROPI$IEEEX$EBA8$UX$STANDARDLIB$REQ8$PRES8$EABIv2 0x00000000   Number         0  anon$$obj.o ABSOLUTE
    _printf_flags                            0x00000000   Number         0  printf_stubs.o ABSOLUTE
    _printf_return_value                     0x00000000   Number         0  printf_stubs.o ABSOLUTE
    _printf_sizespec                         0x00000000   Number         0  printf_stubs.o ABSOLUTE
    _printf_widthprec                        0x00000000   Number         0  printf_stubs.o ABSOLUTE
    __ARM_exceptions_init                     - Undefined Weak Reference
    __alloca_initialize                       - Undefined Weak Reference
    __arm_preinit_                            - Undefined Weak Reference
    __arm_relocate_pie_                       - Undefined Weak Reference
    __cpp_initialize__aeabi_                  - Undefined Weak Reference
    __cxa_finalize                            - Undefined Weak Reference
    __sigvec_lookup                           - Undefined Weak Reference
    _atexit_init                              - Undefined Weak Reference
    _call_atexit_fns                          - Undefined Weak Reference
    _clock_init                               - Undefined Weak Reference
    _fp_trap_init                             - Undefined Weak Reference
    _fp_trap_shutdown                         - Undefined Weak Reference
    _get_lc_collate                           - Undefined Weak Reference
    _get_lc_ctype                             - Undefined Weak Reference
    _get_lc_monetary                          - Undefined Weak Reference
    _get_lc_time                              - Undefined Weak Reference
    _getenv_init                              - Undefined Weak Reference
    _handle_redirection                       - Undefined Weak Reference
    _init_alloc                               - Undefined Weak Reference
    _init_user_alloc                          - Undefined Weak Reference
    _initio                                   - Undefined Weak Reference
    _printf_post_padding                      - Undefined Weak Reference
    _printf_pre_padding                       - Undefined Weak Reference
    _printf_truncate_signed                   - Undefined Weak Reference
    _printf_truncate_unsigned                 - Undefined Weak Reference
    _rand_init                                - Undefined Weak Reference
    _signal_finish                            - Undefined Weak Reference
    _signal_init                              - Undefined Weak Reference
    _terminate_alloc                          - Undefined Weak Reference
    _terminate_user_alloc                     - Undefined Weak Reference
    _terminateio                              - Undefined Weak Reference
    __Vectors_Size                           0x000001d8   Number         0  startup_stm32g431xx.o ABSOLUTE
    __Vectors                                0x08000000   Data           4  startup_stm32g431xx.o(RESET)
    __Vectors_End                            0x080001d8   Data           0  startup_stm32g431xx.o(RESET)
    __main                                   0x080001d9   Thumb Code     8  __main.o(!!!main)
    __scatterload                            0x080001e1   Thumb Code     0  __scatter.o(!!!scatter)
    __scatterload_rt2                        0x080001e1   Thumb Code    44  __scatter.o(!!!scatter)
    __scatterload_rt2_thumb_only             0x080001e1   Thumb Code     0  __scatter.o(!!!scatter)
    __scatterload_null                       0x080001ef   Thumb Code     0  __scatter.o(!!!scatter)
    __scatterload_copy                       0x08000215   Thumb Code    26  __scatter_copy.o(!!handler_copy)
    __scatterload_zeroinit                   0x08000231   Thumb Code    28  __scatter_zi.o(!!handler_zi)
    _printf_f                                0x0800024d   Thumb Code     0  _printf_f.o(.ARM.Collect$$_printf_percent$$00000003)
    _printf_percent                          0x0800024d   Thumb Code     0  _printf_percent.o(.ARM.Collect$$_printf_percent$$00000000)
    _printf_d                                0x08000253   Thumb Code     0  _printf_d.o(.ARM.Collect$$_printf_percent$$00000009)
    _printf_percent_end                      0x08000259   Thumb Code     0  _printf_percent_end.o(.ARM.Collect$$_printf_percent$$00000017)
    __rt_lib_init                            0x0800025d   Thumb Code     0  libinit.o(.ARM.Collect$$libinit$$00000000)
    __rt_lib_init_fp_1                       0x0800025f   Thumb Code     0  libinit2.o(.ARM.Collect$$libinit$$00000001)
    __rt_lib_init_heap_1                     0x08000263   Thumb Code     0  libinit2.o(.ARM.Collect$$libinit$$0000000C)
    __rt_lib_init_lc_common                  0x08000263   Thumb Code     0  libinit2.o(.ARM.Collect$$libinit$$00000011)
    __rt_lib_init_preinit_1                  0x08000263   Thumb Code     0  libinit2.o(.ARM.Collect$$libinit$$00000006)
    __rt_lib_init_rand_1                     0x08000263   Thumb Code     0  libinit2.o(.ARM.Collect$$libinit$$00000010)
    __rt_lib_init_relocate_pie_1             0x08000263   Thumb Code     0  libinit2.o(.ARM.Collect$$libinit$$00000004)
    __rt_lib_init_user_alloc_1               0x08000263   Thumb Code     0  libinit2.o(.ARM.Collect$$libinit$$0000000E)
    __rt_lib_init_lc_collate_1               0x08000269   Thumb Code     0  libinit2.o(.ARM.Collect$$libinit$$00000013)
    __rt_lib_init_lc_ctype_1                 0x08000269   Thumb Code     0  libinit2.o(.ARM.Collect$$libinit$$00000015)
    __rt_lib_init_lc_monetary_1              0x08000269   Thumb Code     0  libinit2.o(.ARM.Collect$$libinit$$00000017)
    __rt_lib_init_lc_numeric_2               0x08000269   Thumb Code     0  libinit2.o(.ARM.Collect$$libinit$$00000018)
    __rt_lib_init_alloca_1                   0x08000273   Thumb Code     0  libinit2.o(.ARM.Collect$$libinit$$00000030)
    __rt_lib_init_argv_1                     0x08000273   Thumb Code     0  libinit2.o(.ARM.Collect$$libinit$$0000002E)
    __rt_lib_init_atexit_1                   0x08000273   Thumb Code     0  libinit2.o(.ARM.Collect$$libinit$$0000001D)
    __rt_lib_init_clock_1                    0x08000273   Thumb Code     0  libinit2.o(.ARM.Collect$$libinit$$00000023)
    __rt_lib_init_cpp_1                      0x08000273   Thumb Code     0  libinit2.o(.ARM.Collect$$libinit$$00000034)
    __rt_lib_init_exceptions_1               0x08000273   Thumb Code     0  libinit2.o(.ARM.Collect$$libinit$$00000032)
    __rt_lib_init_fp_trap_1                  0x08000273   Thumb Code     0  libinit2.o(.ARM.Collect$$libinit$$00000021)
    __rt_lib_init_getenv_1                   0x08000273   Thumb Code     0  libinit2.o(.ARM.Collect$$libinit$$00000025)
    __rt_lib_init_lc_numeric_1               0x08000273   Thumb Code     0  libinit2.o(.ARM.Collect$$libinit$$00000019)
    __rt_lib_init_lc_time_1                  0x08000273   Thumb Code     0  libinit2.o(.ARM.Collect$$libinit$$0000001B)
    __rt_lib_init_return                     0x08000273   Thumb Code     0  libinit2.o(.ARM.Collect$$libinit$$00000035)
    __rt_lib_init_signal_1                   0x08000273   Thumb Code     0  libinit2.o(.ARM.Collect$$libinit$$0000001F)
    __rt_lib_init_stdio_1                    0x08000273   Thumb Code     0  libinit2.o(.ARM.Collect$$libinit$$00000027)
    __rt_lib_shutdown                        0x08000275   Thumb Code     0  libshutdown.o(.ARM.Collect$$libshutdown$$00000000)
    __rt_lib_shutdown_cpp_1                  0x08000277   Thumb Code     0  libshutdown2.o(.ARM.Collect$$libshutdown$$00000002)
    __rt_lib_shutdown_fp_trap_1              0x08000277   Thumb Code     0  libshutdown2.o(.ARM.Collect$$libshutdown$$00000007)
    __rt_lib_shutdown_heap_1                 0x08000277   Thumb Code     0  libshutdown2.o(.ARM.Collect$$libshutdown$$0000000F)
    __rt_lib_shutdown_return                 0x08000277   Thumb Code     0  libshutdown2.o(.ARM.Collect$$libshutdown$$00000010)
    __rt_lib_shutdown_signal_1               0x08000277   Thumb Code     0  libshutdown2.o(.ARM.Collect$$libshutdown$$0000000A)
    __rt_lib_shutdown_stdio_1                0x08000277   Thumb Code     0  libshutdown2.o(.ARM.Collect$$libshutdown$$00000004)
    __rt_lib_shutdown_user_alloc_1           0x08000277   Thumb Code     0  libshutdown2.o(.ARM.Collect$$libshutdown$$0000000C)
    __rt_entry                               0x08000279   Thumb Code     0  __rtentry.o(.ARM.Collect$$rtentry$$00000000)
    __rt_entry_presh_1                       0x08000279   Thumb Code     0  __rtentry2.o(.ARM.Collect$$rtentry$$00000002)
    __rt_entry_sh                            0x08000279   Thumb Code     0  __rtentry4.o(.ARM.Collect$$rtentry$$00000004)
    __rt_entry_li                            0x0800027f   Thumb Code     0  __rtentry2.o(.ARM.Collect$$rtentry$$0000000A)
    __rt_entry_postsh_1                      0x0800027f   Thumb Code     0  __rtentry2.o(.ARM.Collect$$rtentry$$00000009)
    __rt_entry_main                          0x08000283   Thumb Code     0  __rtentry2.o(.ARM.Collect$$rtentry$$0000000D)
    __rt_entry_postli_1                      0x08000283   Thumb Code     0  __rtentry2.o(.ARM.Collect$$rtentry$$0000000C)
    __rt_exit                                0x0800028b   Thumb Code     0  rtexit.o(.ARM.Collect$$rtexit$$00000000)
    __rt_exit_ls                             0x0800028d   Thumb Code     0  rtexit2.o(.ARM.Collect$$rtexit$$00000003)
    __rt_exit_prels_1                        0x0800028d   Thumb Code     0  rtexit2.o(.ARM.Collect$$rtexit$$00000002)
    __rt_exit_exit                           0x08000291   Thumb Code     0  rtexit2.o(.ARM.Collect$$rtexit$$00000004)
    Reset_Handler                            0x08000299   Thumb Code     8  startup_stm32g431xx.o(.text)
    COMP1_2_3_IRQHandler                     0x080002b3   Thumb Code     0  startup_stm32g431xx.o(.text)
    COMP4_IRQHandler                         0x080002b3   Thumb Code     0  startup_stm32g431xx.o(.text)
    CORDIC_IRQHandler                        0x080002b3   Thumb Code     0  startup_stm32g431xx.o(.text)
    CRS_IRQHandler                           0x080002b3   Thumb Code     0  startup_stm32g431xx.o(.text)
    DMA1_Channel2_IRQHandler                 0x080002b3   Thumb Code     0  startup_stm32g431xx.o(.text)
    DMA1_Channel3_IRQHandler                 0x080002b3   Thumb Code     0  startup_stm32g431xx.o(.text)
    DMA1_Channel4_IRQHandler                 0x080002b3   Thumb Code     0  startup_stm32g431xx.o(.text)
    DMA1_Channel5_IRQHandler                 0x080002b3   Thumb Code     0  startup_stm32g431xx.o(.text)
    DMA1_Channel6_IRQHandler                 0x080002b3   Thumb Code     0  startup_stm32g431xx.o(.text)
    DMA2_Channel1_IRQHandler                 0x080002b3   Thumb Code     0  startup_stm32g431xx.o(.text)
    DMA2_Channel2_IRQHandler                 0x080002b3   Thumb Code     0  startup_stm32g431xx.o(.text)
    DMA2_Channel3_IRQHandler                 0x080002b3   Thumb Code     0  startup_stm32g431xx.o(.text)
    DMA2_Channel4_IRQHandler                 0x080002b3   Thumb Code     0  startup_stm32g431xx.o(.text)
    DMA2_Channel5_IRQHandler                 0x080002b3   Thumb Code     0  startup_stm32g431xx.o(.text)
    DMA2_Channel6_IRQHandler                 0x080002b3   Thumb Code     0  startup_stm32g431xx.o(.text)
    DMAMUX_OVR_IRQHandler                    0x080002b3   Thumb Code     0  startup_stm32g431xx.o(.text)
    EXTI0_IRQHandler                         0x080002b3   Thumb Code     0  startup_stm32g431xx.o(.text)
    EXTI15_10_IRQHandler                     0x080002b3   Thumb Code     0  startup_stm32g431xx.o(.text)
    EXTI1_IRQHandler                         0x080002b3   Thumb Code     0  startup_stm32g431xx.o(.text)
    EXTI2_IRQHandler                         0x080002b3   Thumb Code     0  startup_stm32g431xx.o(.text)
    EXTI3_IRQHandler                         0x080002b3   Thumb Code     0  startup_stm32g431xx.o(.text)
    EXTI4_IRQHandler                         0x080002b3   Thumb Code     0  startup_stm32g431xx.o(.text)
    EXTI9_5_IRQHandler                       0x080002b3   Thumb Code     0  startup_stm32g431xx.o(.text)
    FDCAN1_IT0_IRQHandler                    0x080002b3   Thumb Code     0  startup_stm32g431xx.o(.text)
    FDCAN1_IT1_IRQHandler                    0x080002b3   Thumb Code     0  startup_stm32g431xx.o(.text)
    FLASH_IRQHandler                         0x080002b3   Thumb Code     0  startup_stm32g431xx.o(.text)
    FMAC_IRQHandler                          0x080002b3   Thumb Code     0  startup_stm32g431xx.o(.text)
    FPU_IRQHandler                           0x080002b3   Thumb Code     0  startup_stm32g431xx.o(.text)
    I2C1_ER_IRQHandler                       0x080002b3   Thumb Code     0  startup_stm32g431xx.o(.text)
    I2C1_EV_IRQHandler                       0x080002b3   Thumb Code     0  startup_stm32g431xx.o(.text)
    I2C2_ER_IRQHandler                       0x080002b3   Thumb Code     0  startup_stm32g431xx.o(.text)
    I2C2_EV_IRQHandler                       0x080002b3   Thumb Code     0  startup_stm32g431xx.o(.text)
    I2C3_ER_IRQHandler                       0x080002b3   Thumb Code     0  startup_stm32g431xx.o(.text)
    I2C3_EV_IRQHandler                       0x080002b3   Thumb Code     0  startup_stm32g431xx.o(.text)
    LPTIM1_IRQHandler                        0x080002b3   Thumb Code     0  startup_stm32g431xx.o(.text)
    LPUART1_IRQHandler                       0x080002b3   Thumb Code     0  startup_stm32g431xx.o(.text)
    PVD_PVM_IRQHandler                       0x080002b3   Thumb Code     0  startup_stm32g431xx.o(.text)
    RCC_IRQHandler                           0x080002b3   Thumb Code     0  startup_stm32g431xx.o(.text)
    RNG_IRQHandler                           0x080002b3   Thumb Code     0  startup_stm32g431xx.o(.text)
    RTC_Alarm_IRQHandler                     0x080002b3   Thumb Code     0  startup_stm32g431xx.o(.text)
    RTC_TAMP_LSECSS_IRQHandler               0x080002b3   Thumb Code     0  startup_stm32g431xx.o(.text)
    RTC_WKUP_IRQHandler                      0x080002b3   Thumb Code     0  startup_stm32g431xx.o(.text)
    SAI1_IRQHandler                          0x080002b3   Thumb Code     0  startup_stm32g431xx.o(.text)
    SPI1_IRQHandler                          0x080002b3   Thumb Code     0  startup_stm32g431xx.o(.text)
    SPI2_IRQHandler                          0x080002b3   Thumb Code     0  startup_stm32g431xx.o(.text)
    SPI3_IRQHandler                          0x080002b3   Thumb Code     0  startup_stm32g431xx.o(.text)
    TIM1_BRK_TIM15_IRQHandler                0x080002b3   Thumb Code     0  startup_stm32g431xx.o(.text)
    TIM1_CC_IRQHandler                       0x080002b3   Thumb Code     0  startup_stm32g431xx.o(.text)
    TIM1_TRG_COM_TIM17_IRQHandler            0x080002b3   Thumb Code     0  startup_stm32g431xx.o(.text)
    TIM1_UP_TIM16_IRQHandler                 0x080002b3   Thumb Code     0  startup_stm32g431xx.o(.text)
    TIM3_IRQHandler                          0x080002b3   Thumb Code     0  startup_stm32g431xx.o(.text)
    TIM4_IRQHandler                          0x080002b3   Thumb Code     0  startup_stm32g431xx.o(.text)
    TIM6_DAC_IRQHandler                      0x080002b3   Thumb Code     0  startup_stm32g431xx.o(.text)
    TIM7_IRQHandler                          0x080002b3   Thumb Code     0  startup_stm32g431xx.o(.text)
    TIM8_BRK_IRQHandler                      0x080002b3   Thumb Code     0  startup_stm32g431xx.o(.text)
    TIM8_CC_IRQHandler                       0x080002b3   Thumb Code     0  startup_stm32g431xx.o(.text)
    TIM8_TRG_COM_IRQHandler                  0x080002b3   Thumb Code     0  startup_stm32g431xx.o(.text)
    TIM8_UP_IRQHandler                       0x080002b3   Thumb Code     0  startup_stm32g431xx.o(.text)
    UART4_IRQHandler                         0x080002b3   Thumb Code     0  startup_stm32g431xx.o(.text)
    UCPD1_IRQHandler                         0x080002b3   Thumb Code     0  startup_stm32g431xx.o(.text)
    USART2_IRQHandler                        0x080002b3   Thumb Code     0  startup_stm32g431xx.o(.text)
    USART3_IRQHandler                        0x080002b3   Thumb Code     0  startup_stm32g431xx.o(.text)
    USBWakeUp_IRQHandler                     0x080002b3   Thumb Code     0  startup_stm32g431xx.o(.text)
    USB_HP_IRQHandler                        0x080002b3   Thumb Code     0  startup_stm32g431xx.o(.text)
    USB_LP_IRQHandler                        0x080002b3   Thumb Code     0  startup_stm32g431xx.o(.text)
    WWDG_IRQHandler                          0x080002b3   Thumb Code     0  startup_stm32g431xx.o(.text)
    __user_initial_stackheap                 0x080002b5   Thumb Code     0  startup_stm32g431xx.o(.text)
    __aeabi_uldivmod                         0x080002d9   Thumb Code     0  lludivv7m.o(.text)
    _ll_udiv                                 0x080002d9   Thumb Code   240  lludivv7m.o(.text)
    __2sprintf                               0x080003c9   Thumb Code    34  noretval__2sprintf.o(.text)
    _printf_int_dec                          0x080003f1   Thumb Code   104  _printf_dec.o(.text)
    __printf                                 0x08000469   Thumb Code   270  __printf_wp.o(.text)
    strlen                                   0x08000577   Thumb Code    62  strlen.o(.text)
    __aeabi_memclr4                          0x080005b5   Thumb Code     0  rt_memclr_w.o(.text)
    __aeabi_memclr8                          0x080005b5   Thumb Code     0  rt_memclr_w.o(.text)
    __rt_memclr_w                            0x080005b5   Thumb Code     0  rt_memclr_w.o(.text)
    _memset_w                                0x080005b9   Thumb Code    74  rt_memclr_w.o(.text)
    __use_two_region_memory                  0x08000603   Thumb Code     2  heapauxi.o(.text)
    __rt_heap_escrow$2region                 0x08000605   Thumb Code     2  heapauxi.o(.text)
    __rt_heap_expand$2region                 0x08000607   Thumb Code     2  heapauxi.o(.text)
    __read_errno                             0x08000609   Thumb Code    10  _rserrno.o(.text)
    __set_errno                              0x08000613   Thumb Code    12  _rserrno.o(.text)
    _printf_int_common                       0x0800061f   Thumb Code   178  _printf_intcommon.o(.text)
    _printf_fp_dec_real                      0x08000881   Thumb Code   620  _printf_fp_dec.o(.text)
    _printf_char_common                      0x08000af7   Thumb Code    32  _printf_char_common.o(.text)
    _sputc                                   0x08000b1d   Thumb Code    10  _sputc.o(.text)
    __rt_locale                              0x08000b29   Thumb Code     8  rt_locale_intlibspace.o(.text)
    __aeabi_errno_addr                       0x08000b31   Thumb Code     8  rt_errno_addr_intlibspace.o(.text)
    __errno$intlibspace                      0x08000b31   Thumb Code     0  rt_errno_addr_intlibspace.o(.text)
    __rt_errno_addr$intlibspace              0x08000b31   Thumb Code     0  rt_errno_addr_intlibspace.o(.text)
    _ll_udiv10                               0x08000b39   Thumb Code   138  lludiv10.o(.text)
    _printf_fp_infnan                        0x08000bc5   Thumb Code   112  _printf_fp_infnan.o(.text)
    _btod_etento                             0x08000c45   Thumb Code   224  bigflt0.o(.text)
    __user_libspace                          0x08000d29   Thumb Code     8  libspace.o(.text)
    __user_perproc_libspace                  0x08000d29   Thumb Code     0  libspace.o(.text)
    __user_perthread_libspace                0x08000d29   Thumb Code     0  libspace.o(.text)
    __user_setup_stackheap                   0x08000d31   Thumb Code    74  sys_stackheap_outer.o(.text)
    exit                                     0x08000d7b   Thumb Code    18  exit.o(.text)
    strcmp                                   0x08000d91   Thumb Code   124  strcmpv7em.o(.text)
    _sys_exit                                0x08000e0d   Thumb Code     8  sys_exit.o(.text)
    __I$use$semihosting                      0x08000e19   Thumb Code     0  use_no_semi.o(.text)
    __use_no_semihosting_swi                 0x08000e19   Thumb Code     2  use_no_semi.o(.text)
    __semihosting_library_function           0x08000e1b   Thumb Code     0  indicate_semi.o(.text)
    ADC1_2_IRQHandler                        0x08000e1d   Thumb Code    12  stm32g4xx_it.o(.text.ADC1_2_IRQHandler)
    ADC_ConversionStop                       0x08000e29   Thumb Code   400  stm32g4xx_hal_adc.o(.text.ADC_ConversionStop)
    ADC_DMAConvCplt                          0x08000fb9   Thumb Code    98  stm32g4xx_hal_adc.o(.text.ADC_DMAConvCplt)
    ADC_DMAError                             0x0800101d   Thumb Code    22  stm32g4xx_hal_adc.o(.text.ADC_DMAError)
    ADC_DMAHalfConvCplt                      0x08001035   Thumb Code     6  stm32g4xx_hal_adc.o(.text.ADC_DMAHalfConvCplt)
    ADC_Disable                              0x0800103d   Thumb Code   124  stm32g4xx_hal_adc.o(.text.ADC_Disable)
    ADC_Enable                               0x080010b9   Thumb Code   246  stm32g4xx_hal_adc.o(.text.ADC_Enable)
    BusFault_Handler                         0x080011b1   Thumb Code     2  stm32g4xx_it.o(.text.BusFault_Handler)
    DMA1_Channel1_IRQHandler                 0x080011b5   Thumb Code    12  stm32g4xx_it.o(.text.DMA1_Channel1_IRQHandler)
    DebugMon_Handler                         0x080011c1   Thumb Code     2  stm32g4xx_it.o(.text.DebugMon_Handler)
    Error_Handler                            0x080011c5   Thumb Code    10  main.o(.text.Error_Handler)
    FFT_Task                                 0x080011d1   Thumb Code  3002  global.o(.text.FFT_Task)
    HAL_ADCEx_Calibration_Start              0x08001d8d   Thumb Code   212  stm32g4xx_hal_adc_ex.o(.text.HAL_ADCEx_Calibration_Start)
    HAL_ADCEx_EndOfSamplingCallback          0x08001e61   Thumb Code     2  stm32g4xx_hal_adc_ex.o(.text.HAL_ADCEx_EndOfSamplingCallback)
    HAL_ADCEx_InjectedConvCpltCallback       0x08001e65   Thumb Code     2  stm32g4xx_hal_adc_ex.o(.text.HAL_ADCEx_InjectedConvCpltCallback)
    HAL_ADCEx_InjectedQueueOverflowCallback  0x08001e69   Thumb Code     2  stm32g4xx_hal_adc_ex.o(.text.HAL_ADCEx_InjectedQueueOverflowCallback)
    HAL_ADCEx_LevelOutOfWindow2Callback      0x08001e6d   Thumb Code     2  stm32g4xx_hal_adc_ex.o(.text.HAL_ADCEx_LevelOutOfWindow2Callback)
    HAL_ADCEx_LevelOutOfWindow3Callback      0x08001e71   Thumb Code     2  stm32g4xx_hal_adc_ex.o(.text.HAL_ADCEx_LevelOutOfWindow3Callback)
    HAL_ADCEx_MultiModeConfigChannel         0x08001e75   Thumb Code   192  stm32g4xx_hal_adc_ex.o(.text.HAL_ADCEx_MultiModeConfigChannel)
    HAL_ADC_ConfigChannel                    0x08001f35   Thumb Code   946  stm32g4xx_hal_adc.o(.text.HAL_ADC_ConfigChannel)
    HAL_ADC_ConvCpltCallback                 0x080022e9   Thumb Code    58  global.o(.text.HAL_ADC_ConvCpltCallback)
    HAL_ADC_ConvHalfCpltCallback             0x08002325   Thumb Code     2  stm32g4xx_hal_adc.o(.text.HAL_ADC_ConvHalfCpltCallback)
    HAL_ADC_ErrorCallback                    0x08002329   Thumb Code     2  stm32g4xx_hal_adc.o(.text.HAL_ADC_ErrorCallback)
    HAL_ADC_IRQHandler                       0x0800232d   Thumb Code   634  stm32g4xx_hal_adc.o(.text.HAL_ADC_IRQHandler)
    HAL_ADC_Init                             0x080025a9   Thumb Code   576  stm32g4xx_hal_adc.o(.text.HAL_ADC_Init)
    HAL_ADC_LevelOutOfWindowCallback         0x080027e9   Thumb Code     2  stm32g4xx_hal_adc.o(.text.HAL_ADC_LevelOutOfWindowCallback)
    HAL_ADC_MspInit                          0x080027ed   Thumb Code   214  adc.o(.text.HAL_ADC_MspInit)
    HAL_ADC_Start_DMA                        0x080028c5   Thumb Code   240  stm32g4xx_hal_adc.o(.text.HAL_ADC_Start_DMA)
    HAL_ADC_Stop_DMA                         0x080029b5   Thumb Code   336  stm32g4xx_hal_adc.o(.text.HAL_ADC_Stop_DMA)
    HAL_DMA_Abort                            0x08002b05   Thumb Code   112  stm32g4xx_hal_dma.o(.text.HAL_DMA_Abort)
    HAL_DMA_Abort_IT                         0x08002b75   Thumb Code   124  stm32g4xx_hal_dma.o(.text.HAL_DMA_Abort_IT)
    HAL_DMA_IRQHandler                       0x08002bf1   Thumb Code   170  stm32g4xx_hal_dma.o(.text.HAL_DMA_IRQHandler)
    HAL_DMA_Init                             0x08002c9d   Thumb Code   298  stm32g4xx_hal_dma.o(.text.HAL_DMA_Init)
    HAL_DMA_Start_IT                         0x08002dc9   Thumb Code   228  stm32g4xx_hal_dma.o(.text.HAL_DMA_Start_IT)
    HAL_Delay                                0x08002ead   Thumb Code    40  stm32g4xx_hal.o(.text.HAL_Delay)
    HAL_GPIO_Init                            0x08002ed5   Thumb Code   426  stm32g4xx_hal_gpio.o(.text.HAL_GPIO_Init)
    HAL_GPIO_ReadPin                         0x08003081   Thumb Code    10  stm32g4xx_hal_gpio.o(.text.HAL_GPIO_ReadPin)
    HAL_GPIO_WritePin                        0x0800308d   Thumb Code    12  stm32g4xx_hal_gpio.o(.text.HAL_GPIO_WritePin)
    HAL_GetTick                              0x08003099   Thumb Code    12  stm32g4xx_hal.o(.text.HAL_GetTick)
    HAL_IncTick                              0x080030a5   Thumb Code    26  stm32g4xx_hal.o(.text.HAL_IncTick)
    HAL_Init                                 0x080030c1   Thumb Code    30  stm32g4xx_hal.o(.text.HAL_Init)
    HAL_InitTick                             0x080030e1   Thumb Code    76  stm32g4xx_hal.o(.text.HAL_InitTick)
    HAL_MspInit                              0x0800312d   Thumb Code    52  stm32g4xx_hal_msp.o(.text.HAL_MspInit)
    HAL_NVIC_EnableIRQ                       0x08003161   Thumb Code    38  stm32g4xx_hal_cortex.o(.text.HAL_NVIC_EnableIRQ)
    HAL_NVIC_SetPriority                     0x08003189   Thumb Code    86  stm32g4xx_hal_cortex.o(.text.HAL_NVIC_SetPriority)
    HAL_NVIC_SetPriorityGrouping             0x080031e1   Thumb Code    32  stm32g4xx_hal_cortex.o(.text.HAL_NVIC_SetPriorityGrouping)
    HAL_PWREx_ControlVoltageScaling          0x08003201   Thumb Code   294  stm32g4xx_hal_pwr_ex.o(.text.HAL_PWREx_ControlVoltageScaling)
    HAL_PWREx_DisableUCPDDeadBattery         0x08003329   Thumb Code    18  stm32g4xx_hal_pwr_ex.o(.text.HAL_PWREx_DisableUCPDDeadBattery)
    HAL_RCCEx_PeriphCLKConfig                0x0800333d   Thumb Code   618  stm32g4xx_hal_rcc_ex.o(.text.HAL_RCCEx_PeriphCLKConfig)
    HAL_RCC_ClockConfig                      0x080035a9   Thumb Code   788  stm32g4xx_hal_rcc.o(.text.HAL_RCC_ClockConfig)
    HAL_RCC_GetPCLK1Freq                     0x080038bd   Thumb Code    42  stm32g4xx_hal_rcc.o(.text.HAL_RCC_GetPCLK1Freq)
    HAL_RCC_GetPCLK2Freq                     0x080038e9   Thumb Code    42  stm32g4xx_hal_rcc.o(.text.HAL_RCC_GetPCLK2Freq)
    HAL_RCC_GetSysClockFreq                  0x08003915   Thumb Code   126  stm32g4xx_hal_rcc.o(.text.HAL_RCC_GetSysClockFreq)
    HAL_RCC_OscConfig                        0x08003995   Thumb Code  1194  stm32g4xx_hal_rcc.o(.text.HAL_RCC_OscConfig)
    HAL_SYSTICK_Config                       0x08003e41   Thumb Code    44  stm32g4xx_hal_cortex.o(.text.HAL_SYSTICK_Config)
    HAL_TIMEx_Break2Callback                 0x08003e6d   Thumb Code     2  stm32g4xx_hal_tim_ex.o(.text.HAL_TIMEx_Break2Callback)
    HAL_TIMEx_BreakCallback                  0x08003e71   Thumb Code     2  stm32g4xx_hal_tim_ex.o(.text.HAL_TIMEx_BreakCallback)
    HAL_TIMEx_CommutCallback                 0x08003e75   Thumb Code     2  stm32g4xx_hal_tim_ex.o(.text.HAL_TIMEx_CommutCallback)
    HAL_TIMEx_DirectionChangeCallback        0x08003e79   Thumb Code     2  stm32g4xx_hal_tim_ex.o(.text.HAL_TIMEx_DirectionChangeCallback)
    HAL_TIMEx_EncoderIndexCallback           0x08003e7d   Thumb Code     2  stm32g4xx_hal_tim_ex.o(.text.HAL_TIMEx_EncoderIndexCallback)
    HAL_TIMEx_IndexErrorCallback             0x08003e81   Thumb Code     2  stm32g4xx_hal_tim_ex.o(.text.HAL_TIMEx_IndexErrorCallback)
    HAL_TIMEx_MasterConfigSynchronization    0x08003e85   Thumb Code   162  stm32g4xx_hal_tim_ex.o(.text.HAL_TIMEx_MasterConfigSynchronization)
    HAL_TIMEx_TransitionErrorCallback        0x08003f29   Thumb Code     2  stm32g4xx_hal_tim_ex.o(.text.HAL_TIMEx_TransitionErrorCallback)
    HAL_TIM_Base_Init                        0x08003f2d   Thumb Code    98  stm32g4xx_hal_tim.o(.text.HAL_TIM_Base_Init)
    HAL_TIM_Base_MspInit                     0x08003f91   Thumb Code    64  tim.o(.text.HAL_TIM_Base_MspInit)
    HAL_TIM_Base_Start_IT                    0x08003fd1   Thumb Code   146  stm32g4xx_hal_tim.o(.text.HAL_TIM_Base_Start_IT)
    HAL_TIM_Base_Stop_IT                     0x08004065   Thumb Code    60  stm32g4xx_hal_tim.o(.text.HAL_TIM_Base_Stop_IT)
    HAL_TIM_ConfigClockSource                0x080040a1   Thumb Code   512  stm32g4xx_hal_tim.o(.text.HAL_TIM_ConfigClockSource)
    HAL_TIM_IC_CaptureCallback               0x080042a1   Thumb Code     2  stm32g4xx_hal_tim.o(.text.HAL_TIM_IC_CaptureCallback)
    HAL_TIM_IRQHandler                       0x080042a5   Thumb Code   460  stm32g4xx_hal_tim.o(.text.HAL_TIM_IRQHandler)
    HAL_TIM_OC_DelayElapsedCallback          0x08004471   Thumb Code     2  stm32g4xx_hal_tim.o(.text.HAL_TIM_OC_DelayElapsedCallback)
    HAL_TIM_PWM_PulseFinishedCallback        0x08004475   Thumb Code     2  stm32g4xx_hal_tim.o(.text.HAL_TIM_PWM_PulseFinishedCallback)
    HAL_TIM_PeriodElapsedCallback            0x08004479   Thumb Code     2  stm32g4xx_hal_tim.o(.text.HAL_TIM_PeriodElapsedCallback)
    HAL_TIM_TriggerCallback                  0x0800447d   Thumb Code     2  stm32g4xx_hal_tim.o(.text.HAL_TIM_TriggerCallback)
    HAL_UARTEx_DisableFifoMode               0x08004481   Thumb Code    54  stm32g4xx_hal_uart_ex.o(.text.HAL_UARTEx_DisableFifoMode)
    HAL_UARTEx_RxEventCallback               0x080044b9   Thumb Code     2  stm32g4xx_hal_uart.o(.text.HAL_UARTEx_RxEventCallback)
    HAL_UARTEx_RxFifoFullCallback            0x080044bd   Thumb Code     2  stm32g4xx_hal_uart_ex.o(.text.HAL_UARTEx_RxFifoFullCallback)
    HAL_UARTEx_SetRxFifoThreshold            0x080044c1   Thumb Code   140  stm32g4xx_hal_uart_ex.o(.text.HAL_UARTEx_SetRxFifoThreshold)
    HAL_UARTEx_SetTxFifoThreshold            0x0800454d   Thumb Code   140  stm32g4xx_hal_uart_ex.o(.text.HAL_UARTEx_SetTxFifoThreshold)
    HAL_UARTEx_TxFifoEmptyCallback           0x080045d9   Thumb Code     2  stm32g4xx_hal_uart_ex.o(.text.HAL_UARTEx_TxFifoEmptyCallback)
    HAL_UARTEx_WakeupCallback                0x080045dd   Thumb Code     2  stm32g4xx_hal_uart_ex.o(.text.HAL_UARTEx_WakeupCallback)
    HAL_UART_ErrorCallback                   0x080045e1   Thumb Code     2  stm32g4xx_hal_uart.o(.text.HAL_UART_ErrorCallback)
    HAL_UART_IRQHandler                      0x080045e5   Thumb Code  1624  stm32g4xx_hal_uart.o(.text.HAL_UART_IRQHandler)
    HAL_UART_Init                            0x08004c3d   Thumb Code   100  stm32g4xx_hal_uart.o(.text.HAL_UART_Init)
    HAL_UART_MspInit                         0x08004ca1   Thumb Code   150  usart.o(.text.HAL_UART_MspInit)
    HAL_UART_Transmit                        0x08004d39   Thumb Code   404  stm32g4xx_hal_uart.o(.text.HAL_UART_Transmit)
    HAL_UART_TxCpltCallback                  0x08004ecd   Thumb Code     2  stm32g4xx_hal_uart.o(.text.HAL_UART_TxCpltCallback)
    HardFault_Handler                        0x08004ed1   Thumb Code     2  stm32g4xx_it.o(.text.HardFault_Handler)
    LCD_Clear                                0x08004ed5   Thumb Code   644  lcd.o(.text.LCD_Clear)
    LCD_DisplayStringLine                    0x08005159   Thumb Code    76  lcd.o(.text.LCD_DisplayStringLine)
    LCD_DrawChar                             0x080051a5   Thumb Code   864  lcd.o(.text.LCD_DrawChar)
    LCD_DrawLine                             0x08005505   Thumb Code  1656  lcd.o(.text.LCD_DrawLine)
    LCD_DrawRect                             0x08005b7d   Thumb Code    68  lcd.o(.text.LCD_DrawRect)
    LCD_Init                                 0x08005bc1   Thumb Code   560  lcd.o(.text.LCD_Init)
    LCD_SetBackColor                         0x08005df1   Thumb Code    24  lcd.o(.text.LCD_SetBackColor)
    LCD_SetTextColor                         0x08005e09   Thumb Code    24  lcd.o(.text.LCD_SetTextColor)
    MX_ADC1_Init                             0x08005e21   Thumb Code   178  adc.o(.text.MX_ADC1_Init)
    MX_DMA_Init                              0x08005ed5   Thumb Code    70  dma.o(.text.MX_DMA_Init)
    MX_GPIO_Init                             0x08005f1d   Thumb Code   212  gpio.o(.text.MX_GPIO_Init)
    MX_TIM2_Init                             0x08005ff1   Thumb Code   118  tim.o(.text.MX_TIM2_Init)
    MX_USART1_UART_Init                      0x08006069   Thumb Code   130  usart.o(.text.MX_USART1_UART_Init)
    Main_Task                                0x080060ed   Thumb Code   246  global.o(.text.Main_Task)
    Main_Task_Init                           0x080061e5   Thumb Code   100  global.o(.text.Main_Task_Init)
    MemManage_Handler                        0x08006249   Thumb Code     2  stm32g4xx_it.o(.text.MemManage_Handler)
    NMI_Handler                              0x0800624d   Thumb Code     2  stm32g4xx_it.o(.text.NMI_Handler)
    PendSV_Handler                           0x08006251   Thumb Code     2  stm32g4xx_it.o(.text.PendSV_Handler)
    REG_8230_Init                            0x08006255   Thumb Code  2790  lcd.o(.text.REG_8230_Init)
    REG_932X_Init                            0x08006d3d   Thumb Code  5406  lcd.o(.text.REG_932X_Init)
    SVC_Handler                              0x0800825d   Thumb Code     2  stm32g4xx_it.o(.text.SVC_Handler)
    Show_Task                                0x08008261   Thumb Code   660  global.o(.text.Show_Task)
    SysTick_Handler                          0x08008575   Thumb Code     4  stm32g4xx_it.o(.text.SysTick_Handler)
    SystemInit                               0x08008579   Thumb Code    18  system_stm32g4xx.o(.text.SystemInit)
    TIM2_IRQHandler                          0x0800858d   Thumb Code    12  stm32g4xx_it.o(.text.TIM2_IRQHandler)
    TIM_Base_SetConfig                       0x08008599   Thumb Code   282  stm32g4xx_hal_tim.o(.text.TIM_Base_SetConfig)
    UART_AdvFeatureConfig                    0x080086b5   Thumb Code   232  stm32g4xx_hal_uart.o(.text.UART_AdvFeatureConfig)
    UART_CheckIdleState                      0x0800879d   Thumb Code   366  stm32g4xx_hal_uart.o(.text.UART_CheckIdleState)
    UART_SetConfig                           0x08008919   Thumb Code   660  stm32g4xx_hal_uart.o(.text.UART_SetConfig)
    UART_WaitOnFlagUntilTimeout              0x08008bbd   Thumb Code   822  stm32g4xx_hal_uart.o(.text.UART_WaitOnFlagUntilTimeout)
    USART1_IRQHandler                        0x08008ef5   Thumb Code    12  stm32g4xx_it.o(.text.USART1_IRQHandler)
    UsageFault_Handler                       0x08008f01   Thumb Code     2  stm32g4xx_it.o(.text.UsageFault_Handler)
    arm_bitreversal_32                       0x08008f05   Thumb Code    68  arm_bitreversal2.o(.text.arm_bitreversal_32)
    arm_cfft_f32                             0x08008f49   Thumb Code   224  arm_cfft_f32.o(.text.arm_cfft_f32)
    arm_cfft_radix8by2_f32                   0x08009029   Thumb Code   408  arm_cfft_f32.o(.text.arm_cfft_radix8by2_f32)
    arm_cfft_radix8by4_f32                   0x080091c1   Thumb Code  1020  arm_cfft_f32.o(.text.arm_cfft_radix8by4_f32)
    arm_cmplx_mag_f32                        0x080095bd   Thumb Code   340  arm_cmplx_mag_f32.o(.text.arm_cmplx_mag_f32)
    arm_radix8_butterfly_f32                 0x08009711   Thumb Code  1458  arm_cfft_radix8_f32.o(.text.arm_radix8_butterfly_f32)
    main                                     0x08009cc5   Thumb Code   138  main.o(.text.main)
    _btod_d2e                                0x08009d4f   Thumb Code    62  btod.o(CL$$btod_d2e)
    _d2e_denorm_low                          0x08009d8d   Thumb Code    70  btod.o(CL$$btod_d2e_denorm_low)
    _d2e_norm_op1                            0x08009dd3   Thumb Code    96  btod.o(CL$$btod_d2e_norm_op1)
    __btod_div_common                        0x08009e35   Thumb Code   696  btod.o(CL$$btod_div_common)
    _e2e                                     0x0800a16d   Thumb Code   220  btod.o(CL$$btod_e2e)
    _btod_ediv                               0x0800a249   Thumb Code    42  btod.o(CL$$btod_ediv)
    _btod_emul                               0x0800a273   Thumb Code    42  btod.o(CL$$btod_emul)
    __btod_mult_common                       0x0800a29d   Thumb Code   580  btod.o(CL$$btod_mult_common)
    __ARM_fpclassify                         0x0800a4e1   Thumb Code    48  fpclassify.o(i.__ARM_fpclassify)
    __hardfp_cosf                            0x0800a511   Thumb Code   280  cosf.o(i.__hardfp_cosf)
    __hardfp_sqrtf                           0x0800a661   Thumb Code    58  sqrtf.o(i.__hardfp_sqrtf)
    __mathlib_flt_infnan                     0x0800a69b   Thumb Code     6  funder.o(i.__mathlib_flt_infnan)
    __mathlib_flt_invalid                    0x0800a6a1   Thumb Code    10  funder.o(i.__mathlib_flt_invalid)
    __mathlib_rredf2                         0x0800a6b1   Thumb Code   316  rredf.o(i.__mathlib_rredf2)
    _is_digit                                0x0800a805   Thumb Code    14  __printf_wp.o(i._is_digit)
    _get_lc_numeric                          0x0800a815   Thumb Code    44  lc_numeric_c.o(locale$$code)
    __fpl_dretinf                            0x0800a841   Thumb Code    12  dretinf.o(x$fpl$dretinf)
    __aeabi_f2d                              0x0800a84d   Thumb Code     0  f2d.o(x$fpl$f2d)
    _f2d                                     0x0800a84d   Thumb Code    86  f2d.o(x$fpl$f2d)
    __fpl_fnaninf                            0x0800a8a3   Thumb Code   140  fnaninf.o(x$fpl$fnaninf)
    _fp_init                                 0x0800a92f   Thumb Code    26  fpinit.o(x$fpl$fpinit)
    __fplib_config_fpu_vfp                   0x0800a947   Thumb Code     0  fpinit.o(x$fpl$fpinit)
    __fplib_config_pureend_doubles           0x0800a947   Thumb Code     0  fpinit.o(x$fpl$fpinit)
    _printf_fp_dec                           0x0800a949   Thumb Code     4  printf1.o(x$fpl$printf1)
    __I$use$fp                               0x0800a94c   Number         0  usenofp.o(x$fpl$usenofp)
    AHBPrescTable                            0x0800aa00   Data          16  system_stm32g4xx.o(.rodata.AHBPrescTable)
    APBPrescTable                            0x0800aa10   Data           8  system_stm32g4xx.o(.rodata.APBPrescTable)
    ASCII_Table                              0x0800aa18   Data        4560  lcd.o(.rodata.ASCII_Table)
    UARTPrescTable                           0x0800bbe8   Data          24  stm32g4xx_hal_uart.o(.rodata.UARTPrescTable)
    armBitRevIndexTable1024                  0x0800bc00   Data        3600  arm_common_tables.o(.rodata.armBitRevIndexTable1024)
    arm_cfft_sR_f32_len1024                  0x0800ca10   Data          16  arm_const_structs.o(.rodata.arm_cfft_sR_f32_len1024)
    twiddleCoef_1024                         0x0800ca50   Data        8192  arm_common_tables.o(.rodata.twiddleCoef_1024)
    Region$$Table$$Base                      0x0800ea50   Number         0  anon$$obj.o(Region$$Table)
    Region$$Table$$Limit                     0x0800ea70   Number         0  anon$$obj.o(Region$$Table)
    uwTickPrio                               0x20000000   Data           4  stm32g4xx_hal.o(.data..L_MergedGlobals)
    uwTickFreq                               0x20000004   Data           4  stm32g4xx_hal.o(.data..L_MergedGlobals)
    SystemCoreClock                          0x2000000c   Data           4  system_stm32g4xx.o(.data.SystemCoreClock)
    __libspace_start                         0x20000010   Data          96  libspace.o(.bss)
    __temporary_stack_top$libspace           0x20000070   Data           0  libspace.o(.bss)
    flag_adc_done                            0x20000070   Data           1  global.o(.bss..L_MergedGlobals)
    key_flag                                 0x20000071   Data           1  global.o(.bss..L_MergedGlobals)
    fft_base_freq_n                          0x20000072   Data           2  global.o(.bss..L_MergedGlobals)
    mean                                     0x20000074   Data           4  global.o(.bss..L_MergedGlobals)
    S_ptr                                    0x20000078   Data           4  global.o(.bss..L_MergedGlobals)
    fft_base_freq                            0x2000007c   Data           4  global.o(.bss..L_MergedGlobals)
    thd                                      0x20000080   Data           4  global.o(.bss..L_MergedGlobals)
    fft_main_mag                             0x20000084   Data          20  global.o(.bss..L_MergedGlobals)
    adc_input                                0x200000cc   Data        2048  global.o(.bss.adc_input)
    dummy                                    0x200008cc   Data           2  lcd.o(.bss.dummy)
    fft_input                                0x200008d0   Data        8192  global.o(.bss.fft_input)
    fft_mag                                  0x200028d0   Data        2048  global.o(.bss.fft_mag)
    hadc1                                    0x200030d0   Data         108  adc.o(.bss.hadc1)
    hdma_adc1                                0x2000313c   Data          96  adc.o(.bss.hdma_adc1)
    htim2                                    0x2000319c   Data          76  tim.o(.bss.htim2)
    huart1                                   0x200031e8   Data         148  usart.o(.bss.huart1)
    tx_buff                                  0x2000327c   Data          50  global.o(.bss.tx_buff)
    uwTick                                   0x200032b0   Data           4  stm32g4xx_hal.o(.bss.uwTick)



==============================================================================

Memory Map of the image

  Image Entry point : 0x080001d9

  Load Region LR_IROM1 (Base: 0x08000000, Size: 0x0000eaa0, Max: 0x00010000, ABSOLUTE)

    Execution Region ER_IROM1 (Exec base: 0x08000000, Load base: 0x08000000, Size: 0x0000ea8c, Max: 0x00010000, ABSOLUTE)

    Exec Addr    Load Addr    Size         Type   Attr      Idx    E Section Name        Object

    0x08000000   0x08000000   0x000001d8   Data   RO            3    RESET               startup_stm32g431xx.o
    0x080001d8   0x080001d8   0x00000008   Code   RO         1742  * !!!main             c_w.l(__main.o)
    0x080001e0   0x080001e0   0x00000034   Code   RO         2024    !!!scatter          c_w.l(__scatter.o)
    0x08000214   0x08000214   0x0000001a   Code   RO         2026    !!handler_copy      c_w.l(__scatter_copy.o)
    0x0800022e   0x0800022e   0x00000002   PAD
    0x08000230   0x08000230   0x0000001c   Code   RO         2028    !!handler_zi        c_w.l(__scatter_zi.o)
    0x0800024c   0x0800024c   0x00000000   Code   RO         1735    .ARM.Collect$$_printf_percent$$00000000  c_w.l(_printf_percent.o)
    0x0800024c   0x0800024c   0x00000006   Code   RO         1734    .ARM.Collect$$_printf_percent$$00000003  c_w.l(_printf_f.o)
    0x08000252   0x08000252   0x00000006   Code   RO         1733    .ARM.Collect$$_printf_percent$$00000009  c_w.l(_printf_d.o)
    0x08000258   0x08000258   0x00000004   Code   RO         1777    .ARM.Collect$$_printf_percent$$00000017  c_w.l(_printf_percent_end.o)
    0x0800025c   0x0800025c   0x00000002   Code   RO         1887    .ARM.Collect$$libinit$$00000000  c_w.l(libinit.o)
    0x0800025e   0x0800025e   0x00000004   Code   RO         1888    .ARM.Collect$$libinit$$00000001  c_w.l(libinit2.o)
    0x08000262   0x08000262   0x00000000   Code   RO         1891    .ARM.Collect$$libinit$$00000004  c_w.l(libinit2.o)
    0x08000262   0x08000262   0x00000000   Code   RO         1893    .ARM.Collect$$libinit$$00000006  c_w.l(libinit2.o)
    0x08000262   0x08000262   0x00000000   Code   RO         1896    .ARM.Collect$$libinit$$0000000C  c_w.l(libinit2.o)
    0x08000262   0x08000262   0x00000000   Code   RO         1898    .ARM.Collect$$libinit$$0000000E  c_w.l(libinit2.o)
    0x08000262   0x08000262   0x00000000   Code   RO         1900    .ARM.Collect$$libinit$$00000010  c_w.l(libinit2.o)
    0x08000262   0x08000262   0x00000006   Code   RO         1901    .ARM.Collect$$libinit$$00000011  c_w.l(libinit2.o)
    0x08000268   0x08000268   0x00000000   Code   RO         1903    .ARM.Collect$$libinit$$00000013  c_w.l(libinit2.o)
    0x08000268   0x08000268   0x00000000   Code   RO         1905    .ARM.Collect$$libinit$$00000015  c_w.l(libinit2.o)
    0x08000268   0x08000268   0x00000000   Code   RO         1907    .ARM.Collect$$libinit$$00000017  c_w.l(libinit2.o)
    0x08000268   0x08000268   0x0000000a   Code   RO         1908    .ARM.Collect$$libinit$$00000018  c_w.l(libinit2.o)
    0x08000272   0x08000272   0x00000000   Code   RO         1909    .ARM.Collect$$libinit$$00000019  c_w.l(libinit2.o)
    0x08000272   0x08000272   0x00000000   Code   RO         1911    .ARM.Collect$$libinit$$0000001B  c_w.l(libinit2.o)
    0x08000272   0x08000272   0x00000000   Code   RO         1913    .ARM.Collect$$libinit$$0000001D  c_w.l(libinit2.o)
    0x08000272   0x08000272   0x00000000   Code   RO         1915    .ARM.Collect$$libinit$$0000001F  c_w.l(libinit2.o)
    0x08000272   0x08000272   0x00000000   Code   RO         1917    .ARM.Collect$$libinit$$00000021  c_w.l(libinit2.o)
    0x08000272   0x08000272   0x00000000   Code   RO         1919    .ARM.Collect$$libinit$$00000023  c_w.l(libinit2.o)
    0x08000272   0x08000272   0x00000000   Code   RO         1921    .ARM.Collect$$libinit$$00000025  c_w.l(libinit2.o)
    0x08000272   0x08000272   0x00000000   Code   RO         1923    .ARM.Collect$$libinit$$00000027  c_w.l(libinit2.o)
    0x08000272   0x08000272   0x00000000   Code   RO         1927    .ARM.Collect$$libinit$$0000002E  c_w.l(libinit2.o)
    0x08000272   0x08000272   0x00000000   Code   RO         1929    .ARM.Collect$$libinit$$00000030  c_w.l(libinit2.o)
    0x08000272   0x08000272   0x00000000   Code   RO         1931    .ARM.Collect$$libinit$$00000032  c_w.l(libinit2.o)
    0x08000272   0x08000272   0x00000000   Code   RO         1933    .ARM.Collect$$libinit$$00000034  c_w.l(libinit2.o)
    0x08000272   0x08000272   0x00000002   Code   RO         1934    .ARM.Collect$$libinit$$00000035  c_w.l(libinit2.o)
    0x08000274   0x08000274   0x00000002   Code   RO         1989    .ARM.Collect$$libshutdown$$00000000  c_w.l(libshutdown.o)
    0x08000276   0x08000276   0x00000000   Code   RO         2007    .ARM.Collect$$libshutdown$$00000002  c_w.l(libshutdown2.o)
    0x08000276   0x08000276   0x00000000   Code   RO         2009    .ARM.Collect$$libshutdown$$00000004  c_w.l(libshutdown2.o)
    0x08000276   0x08000276   0x00000000   Code   RO         2012    .ARM.Collect$$libshutdown$$00000007  c_w.l(libshutdown2.o)
    0x08000276   0x08000276   0x00000000   Code   RO         2015    .ARM.Collect$$libshutdown$$0000000A  c_w.l(libshutdown2.o)
    0x08000276   0x08000276   0x00000000   Code   RO         2017    .ARM.Collect$$libshutdown$$0000000C  c_w.l(libshutdown2.o)
    0x08000276   0x08000276   0x00000000   Code   RO         2020    .ARM.Collect$$libshutdown$$0000000F  c_w.l(libshutdown2.o)
    0x08000276   0x08000276   0x00000002   Code   RO         2021    .ARM.Collect$$libshutdown$$00000010  c_w.l(libshutdown2.o)
    0x08000278   0x08000278   0x00000000   Code   RO         1760    .ARM.Collect$$rtentry$$00000000  c_w.l(__rtentry.o)
    0x08000278   0x08000278   0x00000000   Code   RO         1801    .ARM.Collect$$rtentry$$00000002  c_w.l(__rtentry2.o)
    0x08000278   0x08000278   0x00000006   Code   RO         1813    .ARM.Collect$$rtentry$$00000004  c_w.l(__rtentry4.o)
    0x0800027e   0x0800027e   0x00000000   Code   RO         1803    .ARM.Collect$$rtentry$$00000009  c_w.l(__rtentry2.o)
    0x0800027e   0x0800027e   0x00000004   Code   RO         1804    .ARM.Collect$$rtentry$$0000000A  c_w.l(__rtentry2.o)
    0x08000282   0x08000282   0x00000000   Code   RO         1806    .ARM.Collect$$rtentry$$0000000C  c_w.l(__rtentry2.o)
    0x08000282   0x08000282   0x00000008   Code   RO         1807    .ARM.Collect$$rtentry$$0000000D  c_w.l(__rtentry2.o)
    0x0800028a   0x0800028a   0x00000002   Code   RO         1935    .ARM.Collect$$rtexit$$00000000  c_w.l(rtexit.o)
    0x0800028c   0x0800028c   0x00000000   Code   RO         1954    .ARM.Collect$$rtexit$$00000002  c_w.l(rtexit2.o)
    0x0800028c   0x0800028c   0x00000004   Code   RO         1955    .ARM.Collect$$rtexit$$00000003  c_w.l(rtexit2.o)
    0x08000290   0x08000290   0x00000006   Code   RO         1956    .ARM.Collect$$rtexit$$00000004  c_w.l(rtexit2.o)
    0x08000296   0x08000296   0x00000002   PAD
    0x08000298   0x08000298   0x00000040   Code   RO            4    .text               startup_stm32g431xx.o
    0x080002d8   0x080002d8   0x000000f0   Code   RO         1703    .text               c_w.l(lludivv7m.o)
    0x080003c8   0x080003c8   0x00000028   Code   RO         1707    .text               c_w.l(noretval__2sprintf.o)
    0x080003f0   0x080003f0   0x00000078   Code   RO         1711    .text               c_w.l(_printf_dec.o)
    0x08000468   0x08000468   0x0000010e   Code   RO         1721    .text               c_w.l(__printf_wp.o)
    0x08000576   0x08000576   0x0000003e   Code   RO         1736    .text               c_w.l(strlen.o)
    0x080005b4   0x080005b4   0x0000004e   Code   RO         1738    .text               c_w.l(rt_memclr_w.o)
    0x08000602   0x08000602   0x00000006   Code   RO         1740    .text               c_w.l(heapauxi.o)
    0x08000608   0x08000608   0x00000016   Code   RO         1765    .text               c_w.l(_rserrno.o)
    0x0800061e   0x0800061e   0x000000b2   Code   RO         1767    .text               c_w.l(_printf_intcommon.o)
    0x080006d0   0x080006d0   0x0000041c   Code   RO         1769    .text               c_w.l(_printf_fp_dec.o)
    0x08000aec   0x08000aec   0x00000030   Code   RO         1773    .text               c_w.l(_printf_char_common.o)
    0x08000b1c   0x08000b1c   0x0000000a   Code   RO         1775    .text               c_w.l(_sputc.o)
    0x08000b26   0x08000b26   0x00000002   PAD
    0x08000b28   0x08000b28   0x00000008   Code   RO         1820    .text               c_w.l(rt_locale_intlibspace.o)
    0x08000b30   0x08000b30   0x00000008   Code   RO         1825    .text               c_w.l(rt_errno_addr_intlibspace.o)
    0x08000b38   0x08000b38   0x0000008a   Code   RO         1827    .text               c_w.l(lludiv10.o)
    0x08000bc2   0x08000bc2   0x00000002   PAD
    0x08000bc4   0x08000bc4   0x00000080   Code   RO         1829    .text               c_w.l(_printf_fp_infnan.o)
    0x08000c44   0x08000c44   0x000000e4   Code   RO         1833    .text               c_w.l(bigflt0.o)
    0x08000d28   0x08000d28   0x00000008   Code   RO         1867    .text               c_w.l(libspace.o)
    0x08000d30   0x08000d30   0x0000004a   Code   RO         1870    .text               c_w.l(sys_stackheap_outer.o)
    0x08000d7a   0x08000d7a   0x00000012   Code   RO         1874    .text               c_w.l(exit.o)
    0x08000d8c   0x08000d8c   0x00000004   PAD
    0x08000d90   0x08000d90   0x0000007c   Code   RO         1880    .text               c_w.l(strcmpv7em.o)
    0x08000e0c   0x08000e0c   0x0000000c   Code   RO         1949    .text               c_w.l(sys_exit.o)
    0x08000e18   0x08000e18   0x00000002   Code   RO         1976    .text               c_w.l(use_no_semi.o)
    0x08000e1a   0x08000e1a   0x00000000   Code   RO         1978    .text               c_w.l(indicate_semi.o)
    0x08000e1a   0x08000e1a   0x00000002   PAD
    0x08000e1c   0x08000e1c   0x0000000c   Code   RO          109    .text.ADC1_2_IRQHandler  stm32g4xx_it.o
    0x08000e28   0x08000e28   0x00000190   Code   RO          136    .text.ADC_ConversionStop  stm32g4xx_hal_adc.o
    0x08000fb8   0x08000fb8   0x00000062   Code   RO          158    .text.ADC_DMAConvCplt  stm32g4xx_hal_adc.o
    0x0800101a   0x0800101a   0x00000002   PAD
    0x0800101c   0x0800101c   0x00000016   Code   RO          162    .text.ADC_DMAError  stm32g4xx_hal_adc.o
    0x08001032   0x08001032   0x00000002   PAD
    0x08001034   0x08001034   0x00000006   Code   RO          160    .text.ADC_DMAHalfConvCplt  stm32g4xx_hal_adc.o
    0x0800103a   0x0800103a   0x00000002   PAD
    0x0800103c   0x0800103c   0x0000007c   Code   RO          138    .text.ADC_Disable   stm32g4xx_hal_adc.o
    0x080010b8   0x080010b8   0x000000f6   Code   RO          144    .text.ADC_Enable    stm32g4xx_hal_adc.o
    0x080011ae   0x080011ae   0x00000002   PAD
    0x080011b0   0x080011b0   0x00000002   Code   RO           95    .text.BusFault_Handler  stm32g4xx_it.o
    0x080011b2   0x080011b2   0x00000002   PAD
    0x080011b4   0x080011b4   0x0000000c   Code   RO          107    .text.DMA1_Channel1_IRQHandler  stm32g4xx_it.o
    0x080011c0   0x080011c0   0x00000002   Code   RO          101    .text.DebugMon_Handler  stm32g4xx_it.o
    0x080011c2   0x080011c2   0x00000002   PAD
    0x080011c4   0x080011c4   0x0000000a   Code   RO           15    .text.Error_Handler  main.o
    0x080011ce   0x080011ce   0x00000002   PAD
    0x080011d0   0x080011d0   0x00000bba   Code   RO         1433    .text.FFT_Task      global.o
    0x08001d8a   0x08001d8a   0x00000002   PAD
    0x08001d8c   0x08001d8c   0x000000d4   Code   RO          198    .text.HAL_ADCEx_Calibration_Start  stm32g4xx_hal_adc_ex.o
    0x08001e60   0x08001e60   0x00000002   Code   RO          230    .text.HAL_ADCEx_EndOfSamplingCallback  stm32g4xx_hal_adc_ex.o
    0x08001e62   0x08001e62   0x00000002   PAD
    0x08001e64   0x08001e64   0x00000002   Code   RO          222    .text.HAL_ADCEx_InjectedConvCpltCallback  stm32g4xx_hal_adc_ex.o
    0x08001e66   0x08001e66   0x00000002   PAD
    0x08001e68   0x08001e68   0x00000002   Code   RO          224    .text.HAL_ADCEx_InjectedQueueOverflowCallback  stm32g4xx_hal_adc_ex.o
    0x08001e6a   0x08001e6a   0x00000002   PAD
    0x08001e6c   0x08001e6c   0x00000002   Code   RO          226    .text.HAL_ADCEx_LevelOutOfWindow2Callback  stm32g4xx_hal_adc_ex.o
    0x08001e6e   0x08001e6e   0x00000002   PAD
    0x08001e70   0x08001e70   0x00000002   Code   RO          228    .text.HAL_ADCEx_LevelOutOfWindow3Callback  stm32g4xx_hal_adc_ex.o
    0x08001e72   0x08001e72   0x00000002   PAD
    0x08001e74   0x08001e74   0x000000c0   Code   RO          242    .text.HAL_ADCEx_MultiModeConfigChannel  stm32g4xx_hal_adc_ex.o
    0x08001f34   0x08001f34   0x000003b2   Code   RO          182    .text.HAL_ADC_ConfigChannel  stm32g4xx_hal_adc.o
    0x080022e6   0x080022e6   0x00000002   PAD
    0x080022e8   0x080022e8   0x0000003a   Code   RO         1441    .text.HAL_ADC_ConvCpltCallback  global.o
    0x08002322   0x08002322   0x00000002   PAD
    0x08002324   0x08002324   0x00000002   Code   RO          180    .text.HAL_ADC_ConvHalfCpltCallback  stm32g4xx_hal_adc.o
    0x08002326   0x08002326   0x00000002   PAD
    0x08002328   0x08002328   0x00000002   Code   RO          178    .text.HAL_ADC_ErrorCallback  stm32g4xx_hal_adc.o
    0x0800232a   0x0800232a   0x00000002   PAD
    0x0800232c   0x0800232c   0x0000027a   Code   RO          172    .text.HAL_ADC_IRQHandler  stm32g4xx_hal_adc.o
    0x080025a6   0x080025a6   0x00000002   PAD
    0x080025a8   0x080025a8   0x00000240   Code   RO          130    .text.HAL_ADC_Init  stm32g4xx_hal_adc.o
    0x080027e8   0x080027e8   0x00000002   Code   RO          176    .text.HAL_ADC_LevelOutOfWindowCallback  stm32g4xx_hal_adc.o
    0x080027ea   0x080027ea   0x00000002   PAD
    0x080027ec   0x080027ec   0x000000d6   Code   RO           36    .text.HAL_ADC_MspInit  adc.o
    0x080028c2   0x080028c2   0x00000002   PAD
    0x080028c4   0x080028c4   0x000000f0   Code   RO          156    .text.HAL_ADC_Start_DMA  stm32g4xx_hal_adc.o
    0x080029b4   0x080029b4   0x00000150   Code   RO          164    .text.HAL_ADC_Stop_DMA  stm32g4xx_hal_adc.o
    0x08002b04   0x08002b04   0x00000070   Code   RO          559    .text.HAL_DMA_Abort  stm32g4xx_hal_dma.o
    0x08002b74   0x08002b74   0x0000007c   Code   RO          561    .text.HAL_DMA_Abort_IT  stm32g4xx_hal_dma.o
    0x08002bf0   0x08002bf0   0x000000aa   Code   RO          565    .text.HAL_DMA_IRQHandler  stm32g4xx_hal_dma.o
    0x08002c9a   0x08002c9a   0x00000002   PAD
    0x08002c9c   0x08002c9c   0x0000012a   Code   RO          551    .text.HAL_DMA_Init  stm32g4xx_hal_dma.o
    0x08002dc6   0x08002dc6   0x00000002   PAD
    0x08002dc8   0x08002dc8   0x000000e4   Code   RO          557    .text.HAL_DMA_Start_IT  stm32g4xx_hal_dma.o
    0x08002eac   0x08002eac   0x00000028   Code   RO          281    .text.HAL_Delay     stm32g4xx_hal.o
    0x08002ed4   0x08002ed4   0x000001aa   Code   RO          501    .text.HAL_GPIO_Init  stm32g4xx_hal_gpio.o
    0x0800307e   0x0800307e   0x00000002   PAD
    0x08003080   0x08003080   0x0000000a   Code   RO          505    .text.HAL_GPIO_ReadPin  stm32g4xx_hal_gpio.o
    0x0800308a   0x0800308a   0x00000002   PAD
    0x0800308c   0x0800308c   0x0000000c   Code   RO          507    .text.HAL_GPIO_WritePin  stm32g4xx_hal_gpio.o
    0x08003098   0x08003098   0x0000000c   Code   RO          273    .text.HAL_GetTick   stm32g4xx_hal.o
    0x080030a4   0x080030a4   0x0000001a   Code   RO          271    .text.HAL_IncTick   stm32g4xx_hal.o
    0x080030be   0x080030be   0x00000002   PAD
    0x080030c0   0x080030c0   0x0000001e   Code   RO          261    .text.HAL_Init      stm32g4xx_hal.o
    0x080030de   0x080030de   0x00000002   PAD
    0x080030e0   0x080030e0   0x0000004c   Code   RO          263    .text.HAL_InitTick  stm32g4xx_hal.o
    0x0800312c   0x0800312c   0x00000034   Code   RO          122    .text.HAL_MspInit   stm32g4xx_hal_msp.o
    0x08003160   0x08003160   0x00000026   Code   RO          727    .text.HAL_NVIC_EnableIRQ  stm32g4xx_hal_cortex.o
    0x08003186   0x08003186   0x00000002   PAD
    0x08003188   0x08003188   0x00000056   Code   RO          725    .text.HAL_NVIC_SetPriority  stm32g4xx_hal_cortex.o
    0x080031de   0x080031de   0x00000002   PAD
    0x080031e0   0x080031e0   0x00000020   Code   RO          723    .text.HAL_NVIC_SetPriorityGrouping  stm32g4xx_hal_cortex.o
    0x08003200   0x08003200   0x00000126   Code   RO          643    .text.HAL_PWREx_ControlVoltageScaling  stm32g4xx_hal_pwr_ex.o
    0x08003326   0x08003326   0x00000002   PAD
    0x08003328   0x08003328   0x00000012   Code   RO          713    .text.HAL_PWREx_DisableUCPDDeadBattery  stm32g4xx_hal_pwr_ex.o
    0x0800333a   0x0800333a   0x00000002   PAD
    0x0800333c   0x0800333c   0x0000026a   Code   RO          385    .text.HAL_RCCEx_PeriphCLKConfig  stm32g4xx_hal_rcc_ex.o
    0x080035a6   0x080035a6   0x00000002   PAD
    0x080035a8   0x080035a8   0x00000314   Code   RO          351    .text.HAL_RCC_ClockConfig  stm32g4xx_hal_rcc.o
    0x080038bc   0x080038bc   0x0000002a   Code   RO          359    .text.HAL_RCC_GetPCLK1Freq  stm32g4xx_hal_rcc.o
    0x080038e6   0x080038e6   0x00000002   PAD
    0x080038e8   0x080038e8   0x0000002a   Code   RO          361    .text.HAL_RCC_GetPCLK2Freq  stm32g4xx_hal_rcc.o
    0x08003912   0x08003912   0x00000002   PAD
    0x08003914   0x08003914   0x0000007e   Code   RO          353    .text.HAL_RCC_GetSysClockFreq  stm32g4xx_hal_rcc.o
    0x08003992   0x08003992   0x00000002   PAD
    0x08003994   0x08003994   0x000004aa   Code   RO          349    .text.HAL_RCC_OscConfig  stm32g4xx_hal_rcc.o
    0x08003e3e   0x08003e3e   0x00000002   PAD
    0x08003e40   0x08003e40   0x0000002c   Code   RO          735    .text.HAL_SYSTICK_Config  stm32g4xx_hal_cortex.o
    0x08003e6c   0x08003e6c   0x00000002   Code   RO         1124    .text.HAL_TIMEx_Break2Callback  stm32g4xx_hal_tim_ex.o
    0x08003e6e   0x08003e6e   0x00000002   PAD
    0x08003e70   0x08003e70   0x00000002   Code   RO         1122    .text.HAL_TIMEx_BreakCallback  stm32g4xx_hal_tim_ex.o
    0x08003e72   0x08003e72   0x00000002   PAD
    0x08003e74   0x08003e74   0x00000002   Code   RO         1118    .text.HAL_TIMEx_CommutCallback  stm32g4xx_hal_tim_ex.o
    0x08003e76   0x08003e76   0x00000002   PAD
    0x08003e78   0x08003e78   0x00000002   Code   RO         1128    .text.HAL_TIMEx_DirectionChangeCallback  stm32g4xx_hal_tim_ex.o
    0x08003e7a   0x08003e7a   0x00000002   PAD
    0x08003e7c   0x08003e7c   0x00000002   Code   RO         1126    .text.HAL_TIMEx_EncoderIndexCallback  stm32g4xx_hal_tim_ex.o
    0x08003e7e   0x08003e7e   0x00000002   PAD
    0x08003e80   0x08003e80   0x00000002   Code   RO         1130    .text.HAL_TIMEx_IndexErrorCallback  stm32g4xx_hal_tim_ex.o
    0x08003e82   0x08003e82   0x00000002   PAD
    0x08003e84   0x08003e84   0x000000a2   Code   RO         1068    .text.HAL_TIMEx_MasterConfigSynchronization  stm32g4xx_hal_tim_ex.o
    0x08003f26   0x08003f26   0x00000002   PAD
    0x08003f28   0x08003f28   0x00000002   Code   RO         1132    .text.HAL_TIMEx_TransitionErrorCallback  stm32g4xx_hal_tim_ex.o
    0x08003f2a   0x08003f2a   0x00000002   PAD
    0x08003f2c   0x08003f2c   0x00000062   Code   RO          773    .text.HAL_TIM_Base_Init  stm32g4xx_hal_tim.o
    0x08003f8e   0x08003f8e   0x00000002   PAD
    0x08003f90   0x08003f90   0x00000040   Code   RO           61    .text.HAL_TIM_Base_MspInit  tim.o
    0x08003fd0   0x08003fd0   0x00000092   Code   RO          787    .text.HAL_TIM_Base_Start_IT  stm32g4xx_hal_tim.o
    0x08004062   0x08004062   0x00000002   PAD
    0x08004064   0x08004064   0x0000003c   Code   RO          789    .text.HAL_TIM_Base_Stop_IT  stm32g4xx_hal_tim.o
    0x080040a0   0x080040a0   0x00000200   Code   RO          953    .text.HAL_TIM_ConfigClockSource  stm32g4xx_hal_tim.o
    0x080042a0   0x080042a0   0x00000002   Code   RO          909    .text.HAL_TIM_IC_CaptureCallback  stm32g4xx_hal_tim.o
    0x080042a2   0x080042a2   0x00000002   PAD
    0x080042a4   0x080042a4   0x000001cc   Code   RO          907    .text.HAL_TIM_IRQHandler  stm32g4xx_hal_tim.o
    0x08004470   0x08004470   0x00000002   Code   RO          911    .text.HAL_TIM_OC_DelayElapsedCallback  stm32g4xx_hal_tim.o
    0x08004472   0x08004472   0x00000002   PAD
    0x08004474   0x08004474   0x00000002   Code   RO          913    .text.HAL_TIM_PWM_PulseFinishedCallback  stm32g4xx_hal_tim.o
    0x08004476   0x08004476   0x00000002   PAD
    0x08004478   0x08004478   0x00000002   Code   RO          915    .text.HAL_TIM_PeriodElapsedCallback  stm32g4xx_hal_tim.o
    0x0800447a   0x0800447a   0x00000002   PAD
    0x0800447c   0x0800447c   0x00000002   Code   RO          917    .text.HAL_TIM_TriggerCallback  stm32g4xx_hal_tim.o
    0x0800447e   0x0800447e   0x00000002   PAD
    0x08004480   0x08004480   0x00000036   Code   RO         1309    .text.HAL_UARTEx_DisableFifoMode  stm32g4xx_hal_uart_ex.o
    0x080044b6   0x080044b6   0x00000002   PAD
    0x080044b8   0x080044b8   0x00000002   Code   RO         1237    .text.HAL_UARTEx_RxEventCallback  stm32g4xx_hal_uart.o
    0x080044ba   0x080044ba   0x00000002   PAD
    0x080044bc   0x080044bc   0x00000002   Code   RO         1295    .text.HAL_UARTEx_RxFifoFullCallback  stm32g4xx_hal_uart_ex.o
    0x080044be   0x080044be   0x00000002   PAD
    0x080044c0   0x080044c0   0x0000008c   Code   RO         1313    .text.HAL_UARTEx_SetRxFifoThreshold  stm32g4xx_hal_uart_ex.o
    0x0800454c   0x0800454c   0x0000008c   Code   RO         1311    .text.HAL_UARTEx_SetTxFifoThreshold  stm32g4xx_hal_uart_ex.o
    0x080045d8   0x080045d8   0x00000002   Code   RO         1297    .text.HAL_UARTEx_TxFifoEmptyCallback  stm32g4xx_hal_uart_ex.o
    0x080045da   0x080045da   0x00000002   PAD
    0x080045dc   0x080045dc   0x00000002   Code   RO         1293    .text.HAL_UARTEx_WakeupCallback  stm32g4xx_hal_uart_ex.o
    0x080045de   0x080045de   0x00000002   PAD
    0x080045e0   0x080045e0   0x00000002   Code   RO         1235    .text.HAL_UART_ErrorCallback  stm32g4xx_hal_uart.o
    0x080045e2   0x080045e2   0x00000002   PAD
    0x080045e4   0x080045e4   0x00000658   Code   RO         1231    .text.HAL_UART_IRQHandler  stm32g4xx_hal_uart.o
    0x08004c3c   0x08004c3c   0x00000064   Code   RO         1147    .text.HAL_UART_Init  stm32g4xx_hal_uart.o
    0x08004ca0   0x08004ca0   0x00000096   Code   RO           76    .text.HAL_UART_MspInit  usart.o
    0x08004d36   0x08004d36   0x00000002   PAD
    0x08004d38   0x08004d38   0x00000194   Code   RO         1167    .text.HAL_UART_Transmit  stm32g4xx_hal_uart.o
    0x08004ecc   0x08004ecc   0x00000002   Code   RO         1239    .text.HAL_UART_TxCpltCallback  stm32g4xx_hal_uart.o
    0x08004ece   0x08004ece   0x00000002   PAD
    0x08004ed0   0x08004ed0   0x00000002   Code   RO           91    .text.HardFault_Handler  stm32g4xx_it.o
    0x08004ed2   0x08004ed2   0x00000002   PAD
    0x08004ed4   0x08004ed4   0x00000284   Code   RO         1369    .text.LCD_Clear     lcd.o
    0x08005158   0x08005158   0x0000004c   Code   RO         1367    .text.LCD_DisplayStringLine  lcd.o
    0x080051a4   0x080051a4   0x00000360   Code   RO         1377    .text.LCD_DrawChar  lcd.o
    0x08005504   0x08005504   0x00000678   Code   RO         1385    .text.LCD_DrawLine  lcd.o
    0x08005b7c   0x08005b7c   0x00000044   Code   RO         1387    .text.LCD_DrawRect  lcd.o
    0x08005bc0   0x08005bc0   0x00000230   Code   RO         1355    .text.LCD_Init      lcd.o
    0x08005df0   0x08005df0   0x00000018   Code   RO         1363    .text.LCD_SetBackColor  lcd.o
    0x08005e08   0x08005e08   0x00000018   Code   RO         1361    .text.LCD_SetTextColor  lcd.o
    0x08005e20   0x08005e20   0x000000b2   Code   RO           34    .text.MX_ADC1_Init  adc.o
    0x08005ed2   0x08005ed2   0x00000002   PAD
    0x08005ed4   0x08005ed4   0x00000046   Code   RO           50    .text.MX_DMA_Init   dma.o
    0x08005f1a   0x08005f1a   0x00000002   PAD
    0x08005f1c   0x08005f1c   0x000000d4   Code   RO           25    .text.MX_GPIO_Init  gpio.o
    0x08005ff0   0x08005ff0   0x00000076   Code   RO           59    .text.MX_TIM2_Init  tim.o
    0x08006066   0x08006066   0x00000002   PAD
    0x08006068   0x08006068   0x00000082   Code   RO           74    .text.MX_USART1_UART_Init  usart.o
    0x080060ea   0x080060ea   0x00000002   PAD
    0x080060ec   0x080060ec   0x000000f6   Code   RO         1429    .text.Main_Task     global.o
    0x080061e2   0x080061e2   0x00000002   PAD
    0x080061e4   0x080061e4   0x00000064   Code   RO         1421    .text.Main_Task_Init  global.o
    0x08006248   0x08006248   0x00000002   Code   RO           93    .text.MemManage_Handler  stm32g4xx_it.o
    0x0800624a   0x0800624a   0x00000002   PAD
    0x0800624c   0x0800624c   0x00000002   Code   RO           89    .text.NMI_Handler   stm32g4xx_it.o
    0x0800624e   0x0800624e   0x00000002   PAD
    0x08006250   0x08006250   0x00000002   Code   RO          103    .text.PendSV_Handler  stm32g4xx_it.o
    0x08006252   0x08006252   0x00000002   PAD
    0x08006254   0x08006254   0x00000ae6   Code   RO         1349    .text.REG_8230_Init  lcd.o
    0x08006d3a   0x08006d3a   0x00000002   PAD
    0x08006d3c   0x08006d3c   0x0000151e   Code   RO         1353    .text.REG_932X_Init  lcd.o
    0x0800825a   0x0800825a   0x00000002   PAD
    0x0800825c   0x0800825c   0x00000002   Code   RO           99    .text.SVC_Handler   stm32g4xx_it.o
    0x0800825e   0x0800825e   0x00000002   PAD
    0x08008260   0x08008260   0x00000314   Code   RO         1437    .text.Show_Task     global.o
    0x08008574   0x08008574   0x00000004   Code   RO          105    .text.SysTick_Handler  stm32g4xx_it.o
    0x08008578   0x08008578   0x00000012   Code   RO         1332    .text.SystemInit    system_stm32g4xx.o
    0x0800858a   0x0800858a   0x00000002   PAD
    0x0800858c   0x0800858c   0x0000000c   Code   RO          111    .text.TIM2_IRQHandler  stm32g4xx_it.o
    0x08008598   0x08008598   0x0000011a   Code   RO          777    .text.TIM_Base_SetConfig  stm32g4xx_hal_tim.o
    0x080086b2   0x080086b2   0x00000002   PAD
    0x080086b4   0x080086b4   0x000000e8   Code   RO         1151    .text.UART_AdvFeatureConfig  stm32g4xx_hal_uart.o
    0x0800879c   0x0800879c   0x0000016e   Code   RO         1155    .text.UART_CheckIdleState  stm32g4xx_hal_uart.o
    0x0800890a   0x0800890a   0x00000002   PAD
    0x0800890c   0x0800890c   0x0000000c   Code   RO         1233    .text.UART_DMAAbortOnError  stm32g4xx_hal_uart.o
    0x08008918   0x08008918   0x000002a4   Code   RO         1153    .text.UART_SetConfig  stm32g4xx_hal_uart.o
    0x08008bbc   0x08008bbc   0x00000336   Code   RO         1169    .text.UART_WaitOnFlagUntilTimeout  stm32g4xx_hal_uart.o
    0x08008ef2   0x08008ef2   0x00000002   PAD
    0x08008ef4   0x08008ef4   0x0000000c   Code   RO          113    .text.USART1_IRQHandler  stm32g4xx_it.o
    0x08008f00   0x08008f00   0x00000002   Code   RO           97    .text.UsageFault_Handler  stm32g4xx_it.o
    0x08008f02   0x08008f02   0x00000002   PAD
    0x08008f04   0x08008f04   0x00000044   Code   RO         1561    .text.arm_bitreversal_32  arm_cortexM4lf_math.lib(arm_bitreversal2.o)
    0x08008f48   0x08008f48   0x000000e0   Code   RO         1474    .text.arm_cfft_f32  arm_cortexM4lf_math.lib(arm_cfft_f32.o)
    0x08009028   0x08009028   0x00000198   Code   RO         1470    .text.arm_cfft_radix8by2_f32  arm_cortexM4lf_math.lib(arm_cfft_f32.o)
    0x080091c0   0x080091c0   0x000003fc   Code   RO         1472    .text.arm_cfft_radix8by4_f32  arm_cortexM4lf_math.lib(arm_cfft_f32.o)
    0x080095bc   0x080095bc   0x00000154   Code   RO         1460    .text.arm_cmplx_mag_f32  arm_cortexM4lf_math.lib(arm_cmplx_mag_f32.o)
    0x08009710   0x08009710   0x000005b2   Code   RO         1573    .text.arm_radix8_butterfly_f32  arm_cortexM4lf_math.lib(arm_cfft_radix8_f32.o)
    0x08009cc2   0x08009cc2   0x00000002   PAD
    0x08009cc4   0x08009cc4   0x0000008a   Code   RO           11    .text.main          main.o
    0x08009d4e   0x08009d4e   0x0000003e   Code   RO         1836    CL$$btod_d2e        c_w.l(btod.o)
    0x08009d8c   0x08009d8c   0x00000046   Code   RO         1838    CL$$btod_d2e_denorm_low  c_w.l(btod.o)
    0x08009dd2   0x08009dd2   0x00000060   Code   RO         1837    CL$$btod_d2e_norm_op1  c_w.l(btod.o)
    0x08009e32   0x08009e32   0x00000002   PAD
    0x08009e34   0x08009e34   0x00000338   Code   RO         1846    CL$$btod_div_common  c_w.l(btod.o)
    0x0800a16c   0x0800a16c   0x000000dc   Code   RO         1843    CL$$btod_e2e        c_w.l(btod.o)
    0x0800a248   0x0800a248   0x0000002a   Code   RO         1840    CL$$btod_ediv       c_w.l(btod.o)
    0x0800a272   0x0800a272   0x0000002a   Code   RO         1839    CL$$btod_emul       c_w.l(btod.o)
    0x0800a29c   0x0800a29c   0x00000244   Code   RO         1845    CL$$btod_mult_common  c_w.l(btod.o)
    0x0800a4e0   0x0800a4e0   0x00000030   Code   RO         1865    i.__ARM_fpclassify  m_wm.l(fpclassify.o)
    0x0800a510   0x0800a510   0x00000150   Code   RO         1748    i.__hardfp_cosf     m_wm.l(cosf.o)
    0x0800a660   0x0800a660   0x0000003a   Code   RO         1754    i.__hardfp_sqrtf    m_wm.l(sqrtf.o)
    0x0800a69a   0x0800a69a   0x00000006   Code   RO         1784    i.__mathlib_flt_infnan  m_wm.l(funder.o)
    0x0800a6a0   0x0800a6a0   0x00000010   Code   RO         1786    i.__mathlib_flt_invalid  m_wm.l(funder.o)
    0x0800a6b0   0x0800a6b0   0x00000154   Code   RO         1797    i.__mathlib_rredf2  m_wm.l(rredf.o)
    0x0800a804   0x0800a804   0x0000000e   Code   RO         1723    i._is_digit         c_w.l(__printf_wp.o)
    0x0800a812   0x0800a812   0x00000002   PAD
    0x0800a814   0x0800a814   0x0000002c   Code   RO         1861    locale$$code        c_w.l(lc_numeric_c.o)
    0x0800a840   0x0800a840   0x0000000c   Code   RO         1778    x$fpl$dretinf       fz_wm.l(dretinf.o)
    0x0800a84c   0x0800a84c   0x00000056   Code   RO         1744    x$fpl$f2d           fz_wm.l(f2d.o)
    0x0800a8a2   0x0800a8a2   0x0000008c   Code   RO         1780    x$fpl$fnaninf       fz_wm.l(fnaninf.o)
    0x0800a92e   0x0800a92e   0x0000001a   Code   RO         1947    x$fpl$fpinit        fz_wm.l(fpinit.o)
    0x0800a948   0x0800a948   0x00000004   Code   RO         1746    x$fpl$printf1       fz_wm.l(printf1.o)
    0x0800a94c   0x0800a94c   0x00000000   Code   RO         1782    x$fpl$usenofp       fz_wm.l(usenofp.o)
    0x0800a94c   0x0800a94c   0x00000020   Data   RO         1798    .constdata          m_wm.l(rredf.o)
    0x0800a96c   0x0800a96c   0x00000094   Data   RO         1834    .constdata          c_w.l(bigflt0.o)
    0x0800aa00   0x0800aa00   0x00000010   Data   RO         1337    .rodata.AHBPrescTable  system_stm32g4xx.o
    0x0800aa10   0x0800aa10   0x00000008   Data   RO         1338    .rodata.APBPrescTable  system_stm32g4xx.o
    0x0800aa18   0x0800aa18   0x000011d0   Data   RO         1409    .rodata.ASCII_Table  lcd.o
    0x0800bbe8   0x0800bbe8   0x00000018   Data   RO         1281    .rodata.UARTPrescTable  stm32g4xx_hal_uart.o
    0x0800bc00   0x0800bc00   0x00000e10   Data   RO         1634    .rodata.armBitRevIndexTable1024  arm_cortexM4lf_math.lib(arm_common_tables.o)
    0x0800ca10   0x0800ca10   0x00000010   Data   RO         1499    .rodata.arm_cfft_sR_f32_len1024  arm_cortexM4lf_math.lib(arm_const_structs.o)
    0x0800ca20   0x0800ca20   0x00000010   Data   RO         1282    .rodata.cst16       stm32g4xx_hal_uart.o
    0x0800ca30   0x0800ca30   0x00000010   Data   RO         1323    .rodata.cst8        stm32g4xx_hal_uart_ex.o
    0x0800ca40   0x0800ca40   0x0000000d   Data   RO         1449    .rodata.str1.1      global.o
    0x0800ca4d   0x0800ca4d   0x00000003   PAD
    0x0800ca50   0x0800ca50   0x00002000   Data   RO         1598    .rodata.twiddleCoef_1024  arm_cortexM4lf_math.lib(arm_common_tables.o)
    0x0800ea50   0x0800ea50   0x00000020   Data   RO         2023    Region$$Table       anon$$obj.o
    0x0800ea70   0x0800ea70   0x0000001c   Data   RO         1860    locale$$data        c_w.l(lc_numeric_c.o)


    Execution Region RW_IRAM1 (Exec base: 0x20000000, Load base: 0x0800ea90, Size: 0x000038b8, Max: 0x00008000, ABSOLUTE)

    Exec Addr    Load Addr    Size         Type   Attr      Idx    E Section Name        Object

    0x20000000   0x0800ea90   0x00000008   Data   RW          338    .data..L_MergedGlobals  stm32g4xx_hal.o
    0x20000008   0x0800ea98   0x00000002   Data   RW         1412    .data.BackColor     lcd.o
    0x2000000a   0x0800ea9a   0x00000002   PAD
    0x2000000c   0x0800ea9c   0x00000004   Data   RW         1336    .data.SystemCoreClock  system_stm32g4xx.o
    0x20000010        -       0x00000060   Zero   RW         1868    .bss                c_w.l(libspace.o)
    0x20000070        -       0x0000005a   Zero   RW         1451    .bss..L_MergedGlobals  global.o
    0x200000ca        -       0x00000002   Zero   RW         1411    .bss.TextColor      lcd.o
    0x200000cc        -       0x00000800   Zero   RW         1443    .bss.adc_input      global.o
    0x200008cc        -       0x00000002   Zero   RW         1410    .bss.dummy          lcd.o
    0x200008ce   0x0800eaa0   0x00000002   PAD
    0x200008d0        -       0x00002000   Zero   RW         1444    .bss.fft_input      global.o
    0x200028d0        -       0x00000800   Zero   RW         1445    .bss.fft_mag        global.o
    0x200030d0        -       0x0000006c   Zero   RW           40    .bss.hadc1          adc.o
    0x2000313c        -       0x00000060   Zero   RW           41    .bss.hdma_adc1      adc.o
    0x2000319c        -       0x0000004c   Zero   RW           65    .bss.htim2          tim.o
    0x200031e8        -       0x00000094   Zero   RW           80    .bss.huart1         usart.o
    0x2000327c        -       0x00000032   Zero   RW         1448    .bss.tx_buff        global.o
    0x200032ae   0x0800eaa0   0x00000002   PAD
    0x200032b0        -       0x00000004   Zero   RW          337    .bss.uwTick         stm32g4xx_hal.o
    0x200032b4   0x0800eaa0   0x00000004   PAD
    0x200032b8        -       0x00000200   Zero   RW            2    HEAP                startup_stm32g431xx.o
    0x200034b8        -       0x00000400   Zero   RW            1    STACK               startup_stm32g431xx.o


==============================================================================

Image component sizes


      Code (inc. data)   RO Data    RW Data    ZI Data      Debug   Object Name

       392          0          0          0        204       8982   adc.o
        70          0          0          0          0       3457   dma.o
      4194        140         13          0      12428      12707   global.o
       212          0          0          0          0       2457   gpio.o
     12112          0       4560          2          4      26105   lcd.o
       148          0          0          0          0       1970   main.o
        64         26        472          0       1536        872   startup_stm32g431xx.o
       184          0          0          8          4       8885   stm32g4xx_hal.o
      3634          0          0          0          0      28105   stm32g4xx_hal_adc.o
       414          0          0          0          0      22502   stm32g4xx_hal_adc_ex.o
       200          0          0          0          0      10519   stm32g4xx_hal_cortex.o
       932          0          0          0          0       9371   stm32g4xx_hal_dma.o
       448          0          0          0          0       5265   stm32g4xx_hal_gpio.o
        52          0          0          0          0       1770   stm32g4xx_hal_msp.o
       312          0          0          0          0       9805   stm32g4xx_hal_pwr_ex.o
      2192          0          0          0          0       9966   stm32g4xx_hal_rcc.o
       618          0          0          0          0      10706   stm32g4xx_hal_rcc_ex.o
      1568          0          0          0          0      60581   stm32g4xx_hal_tim.o
       176          0          0          0          0      29989   stm32g4xx_hal_tim_ex.o
      4242         48         40          0          0      41555   stm32g4xx_hal_uart.o
       340          0         16          0          0      11476   stm32g4xx_hal_uart_ex.o
        68          0          0          0          0       8837   stm32g4xx_it.o
        18          0         24          4          0       2799   system_stm32g4xx.o
       182          0          0          0         76       7869   tim.o
       280          0          0          0        148       8397   usart.o

    ----------------------------------------------------------------------
     33202        214       5160         16      14408     344947   Object Totals
         0          0         32          0          0          0   (incl. Generated)
       150          0          3          2          8          0   (incl. Padding)

    ----------------------------------------------------------------------

      Code (inc. data)   RO Data    RW Data    ZI Data      Debug   Library Member Name

        68          0          0          0          0       1792   arm_bitreversal2.o
      1652          0          0          0          0       7236   arm_cfft_f32.o
      1458          4          0          0          0       5452   arm_cfft_radix8_f32.o
       340          0          0          0          0       2270   arm_cmplx_mag_f32.o
         0          0      11792          0          0       6294   arm_common_tables.o
         0          0         16          0          0       4820   arm_const_structs.o
         8          0          0          0          0         68   __main.o
       284          0          0          0          0        156   __printf_wp.o
         0          0          0          0          0          0   __rtentry.o
        12          0          0          0          0          0   __rtentry2.o
         6          0          0          0          0          0   __rtentry4.o
        52          8          0          0          0          0   __scatter.o
        26          0          0          0          0          0   __scatter_copy.o
        28          0          0          0          0          0   __scatter_zi.o
        48          6          0          0          0         96   _printf_char_common.o
         6          0          0          0          0          0   _printf_d.o
       120         16          0          0          0         92   _printf_dec.o
         6          0          0          0          0          0   _printf_f.o
      1052          0          0          0          0        148   _printf_fp_dec.o
       128         16          0          0          0         84   _printf_fp_infnan.o
       178          0          0          0          0         88   _printf_intcommon.o
         0          0          0          0          0          0   _printf_percent.o
         4          0          0          0          0          0   _printf_percent_end.o
        22          0          0          0          0        100   _rserrno.o
        10          0          0          0          0         68   _sputc.o
       228          4        148          0          0         96   bigflt0.o
      1936        128          0          0          0        668   btod.o
        18          0          0          0          0         80   exit.o
         6          0          0          0          0        152   heapauxi.o
         0          0          0          0          0          0   indicate_semi.o
        44         10         28          0          0         76   lc_numeric_c.o
         2          0          0          0          0          0   libinit.o
        22          0          0          0          0          0   libinit2.o
         2          0          0          0          0          0   libshutdown.o
         2          0          0          0          0          0   libshutdown2.o
         8          4          0          0         96         68   libspace.o
       138          0          0          0          0         80   lludiv10.o
       240          0          0          0          0        100   lludivv7m.o
        40          6          0          0          0         84   noretval__2sprintf.o
         8          4          0          0          0         68   rt_errno_addr_intlibspace.o
         8          4          0          0          0         68   rt_locale_intlibspace.o
        78          0          0          0          0         80   rt_memclr_w.o
         2          0          0          0          0          0   rtexit.o
        10          0          0          0          0          0   rtexit2.o
       124          0          0          0          0         88   strcmpv7em.o
        62          0          0          0          0         76   strlen.o
        12          4          0          0          0         68   sys_exit.o
        74          0          0          0          0         80   sys_stackheap_outer.o
         2          0          0          0          0         68   use_no_semi.o
        12          0          0          0          0        116   dretinf.o
        86          4          0          0          0        132   f2d.o
       140          4          0          0          0        132   fnaninf.o
        26          0          0          0          0        116   fpinit.o
         4          0          0          0          0        116   printf1.o
         0          0          0          0          0          0   usenofp.o
       336         56          0          0          0        136   cosf.o
        48          0          0          0          0        124   fpclassify.o
        22          6          0          0          0        232   funder.o
       340         24         32          0          0        160   rredf.o
        58          0          0          0          0        136   sqrtf.o

    ----------------------------------------------------------------------
      9666        308      12016          0         96      32164   Library Totals
        20          0          0          0          0          0   (incl. Padding)

    ----------------------------------------------------------------------

      Code (inc. data)   RO Data    RW Data    ZI Data      Debug   Library Name

      3518          4      11808          0          0      27864   arm_cortexM4lf_math.lib
      5056        210        176          0         96       2900   c_w.l
       268          8          0          0          0        612   fz_wm.l
       804         86         32          0          0        788   m_wm.l

    ----------------------------------------------------------------------
      9666        308      12016          0         96      32164   Library Totals

    ----------------------------------------------------------------------

==============================================================================


      Code (inc. data)   RO Data    RW Data    ZI Data      Debug   

     42868        522      17176         16      14504     374143   Grand Totals
     42868        522      17176         16      14504     374143   ELF Image Totals
     42868        522      17176         16          0          0   ROM Totals

==============================================================================

    Total RO  Size (Code + RO Data)                60044 (  58.64kB)
    Total RW  Size (RW Data + ZI Data)             14520 (  14.18kB)
    Total ROM Size (Code + RO Data + RW Data)      60060 (  58.65kB)

==============================================================================

